Archive member included to satisfy reference by file (symbol)

c:/st/stm32cubeide_1.7.0/stm32cubeide/plugins/com.st.stm32cube.ide.mcu.externaltools.gnu-tools-for-stm32.9-2020-q2-update.win32_2.0.0.202105311346/tools/bin/../lib/gcc/arm-none-eabi/9.3.1/../../../../arm-none-eabi/lib/thumb/v7e-m+fp/hard\libc_nano.a(lib_a-errno.o)
                              ./Core/Src/syscalls.o (__errno)
c:/st/stm32cubeide_1.7.0/stm32cubeide/plugins/com.st.stm32cube.ide.mcu.externaltools.gnu-tools-for-stm32.9-2020-q2-update.win32_2.0.0.202105311346/tools/bin/../lib/gcc/arm-none-eabi/9.3.1/../../../../arm-none-eabi/lib/thumb/v7e-m+fp/hard\libc_nano.a(lib_a-exit.o)
                              c:/st/stm32cubeide_1.7.0/stm32cubeide/plugins/com.st.stm32cube.ide.mcu.externaltools.gnu-tools-for-stm32.9-2020-q2-update.win32_2.0.0.202105311346/tools/bin/../lib/gcc/arm-none-eabi/9.3.1/../../../../arm-none-eabi/lib/thumb/v7e-m+fp/hard/crt0.o (exit)
c:/st/stm32cubeide_1.7.0/stm32cubeide/plugins/com.st.stm32cube.ide.mcu.externaltools.gnu-tools-for-stm32.9-2020-q2-update.win32_2.0.0.202105311346/tools/bin/../lib/gcc/arm-none-eabi/9.3.1/../../../../arm-none-eabi/lib/thumb/v7e-m+fp/hard\libc_nano.a(lib_a-impure.o)
                              c:/st/stm32cubeide_1.7.0/stm32cubeide/plugins/com.st.stm32cube.ide.mcu.externaltools.gnu-tools-for-stm32.9-2020-q2-update.win32_2.0.0.202105311346/tools/bin/../lib/gcc/arm-none-eabi/9.3.1/../../../../arm-none-eabi/lib/thumb/v7e-m+fp/hard\libc_nano.a(lib_a-exit.o) (_global_impure_ptr)
c:/st/stm32cubeide_1.7.0/stm32cubeide/plugins/com.st.stm32cube.ide.mcu.externaltools.gnu-tools-for-stm32.9-2020-q2-update.win32_2.0.0.202105311346/tools/bin/../lib/gcc/arm-none-eabi/9.3.1/../../../../arm-none-eabi/lib/thumb/v7e-m+fp/hard\libc_nano.a(lib_a-init.o)
                              c:/st/stm32cubeide_1.7.0/stm32cubeide/plugins/com.st.stm32cube.ide.mcu.externaltools.gnu-tools-for-stm32.9-2020-q2-update.win32_2.0.0.202105311346/tools/bin/../lib/gcc/arm-none-eabi/9.3.1/../../../../arm-none-eabi/lib/thumb/v7e-m+fp/hard/crt0.o (__libc_init_array)
c:/st/stm32cubeide_1.7.0/stm32cubeide/plugins/com.st.stm32cube.ide.mcu.externaltools.gnu-tools-for-stm32.9-2020-q2-update.win32_2.0.0.202105311346/tools/bin/../lib/gcc/arm-none-eabi/9.3.1/../../../../arm-none-eabi/lib/thumb/v7e-m+fp/hard\libc_nano.a(lib_a-memset.o)
                              c:/st/stm32cubeide_1.7.0/stm32cubeide/plugins/com.st.stm32cube.ide.mcu.externaltools.gnu-tools-for-stm32.9-2020-q2-update.win32_2.0.0.202105311346/tools/bin/../lib/gcc/arm-none-eabi/9.3.1/../../../../arm-none-eabi/lib/thumb/v7e-m+fp/hard/crt0.o (memset)
c:/st/stm32cubeide_1.7.0/stm32cubeide/plugins/com.st.stm32cube.ide.mcu.externaltools.gnu-tools-for-stm32.9-2020-q2-update.win32_2.0.0.202105311346/tools/bin/../lib/gcc/arm-none-eabi/9.3.1/../../../../arm-none-eabi/lib/thumb/v7e-m+fp/hard\libc_nano.a(lib_a-strlen.o)
                              ./Core/Src/lcd.o (strlen)
c:/st/stm32cubeide_1.7.0/stm32cubeide/plugins/com.st.stm32cube.ide.mcu.externaltools.gnu-tools-for-stm32.9-2020-q2-update.win32_2.0.0.202105311346/tools/bin/../lib/gcc/arm-none-eabi/9.3.1/thumb/v7e-m+fp/hard\libgcc.a(_arm_muldf3.o)
                              ./Core/Src/sensor.o (__aeabi_dmul)
c:/st/stm32cubeide_1.7.0/stm32cubeide/plugins/com.st.stm32cube.ide.mcu.externaltools.gnu-tools-for-stm32.9-2020-q2-update.win32_2.0.0.202105311346/tools/bin/../lib/gcc/arm-none-eabi/9.3.1/thumb/v7e-m+fp/hard\libgcc.a(_arm_addsubdf3.o)
                              ./Core/Src/sensor.o (__aeabi_dsub)
c:/st/stm32cubeide_1.7.0/stm32cubeide/plugins/com.st.stm32cube.ide.mcu.externaltools.gnu-tools-for-stm32.9-2020-q2-update.win32_2.0.0.202105311346/tools/bin/../lib/gcc/arm-none-eabi/9.3.1/thumb/v7e-m+fp/hard\libgcc.a(_arm_muldivdf3.o)
                              ./Core/Src/sensor.o (__aeabi_ddiv)
c:/st/stm32cubeide_1.7.0/stm32cubeide/plugins/com.st.stm32cube.ide.mcu.externaltools.gnu-tools-for-stm32.9-2020-q2-update.win32_2.0.0.202105311346/tools/bin/../lib/gcc/arm-none-eabi/9.3.1/thumb/v7e-m+fp/hard\libgcc.a(_arm_truncdfsf2.o)
                              ./Core/Src/sensor.o (__aeabi_d2f)
c:/st/stm32cubeide_1.7.0/stm32cubeide/plugins/com.st.stm32cube.ide.mcu.externaltools.gnu-tools-for-stm32.9-2020-q2-update.win32_2.0.0.202105311346/tools/bin/../lib/gcc/arm-none-eabi/9.3.1/thumb/v7e-m+fp/hard\libgcc.a(_aeabi_uldivmod.o)
                              ./Drivers/STM32F4xx_HAL_Driver/Src/stm32f4xx_hal_rcc.o (__aeabi_uldivmod)
c:/st/stm32cubeide_1.7.0/stm32cubeide/plugins/com.st.stm32cube.ide.mcu.externaltools.gnu-tools-for-stm32.9-2020-q2-update.win32_2.0.0.202105311346/tools/bin/../lib/gcc/arm-none-eabi/9.3.1/thumb/v7e-m+fp/hard\libgcc.a(_udivmoddi4.o)
                              c:/st/stm32cubeide_1.7.0/stm32cubeide/plugins/com.st.stm32cube.ide.mcu.externaltools.gnu-tools-for-stm32.9-2020-q2-update.win32_2.0.0.202105311346/tools/bin/../lib/gcc/arm-none-eabi/9.3.1/thumb/v7e-m+fp/hard\libgcc.a(_aeabi_uldivmod.o) (__udivmoddi4)
[...]
Memory Configuration

Name             Origin             Length             Attributes
CCMRAM           0x0000000010000000 0x0000000000010000 xrw
RAM              0x0000000020000000 0x0000000000020000 xrw
FLASH            0x0000000008000000 0x0000000000100000 xr
*default*        0x0000000000000000 0xffffffffffffffff

Linker script and memory map

LOAD c:/st/stm32cubeide_1.7.0/stm32cubeide/plugins/com.st.stm32cube.ide.mcu.externaltools.gnu-tools-for-stm32.9-2020-q2-update.win32_2.0.0.202105311346/tools/bin/../lib/gcc/arm-none-eabi/9.3.1/thumb/v7e-m+fp/hard/crti.o
LOAD c:/st/stm32cubeide_1.7.0/stm32cubeide/plugins/com.st.stm32cube.ide.mcu.externaltools.gnu-tools-for-stm32.9-2020-q2-update.win32_2.0.0.202105311346/tools/bin/../lib/gcc/arm-none-eabi/9.3.1/thumb/v7e-m+fp/hard/crtbegin.o
LOAD c:/st/stm32cubeide_1.7.0/stm32cubeide/plugins/com.st.stm32cube.ide.mcu.externaltools.gnu-tools-for-stm32.9-2020-q2-update.win32_2.0.0.202105311346/tools/bin/../lib/gcc/arm-none-eabi/9.3.1/../../../../arm-none-eabi/lib/thumb/v7e-m+fp/hard/crt0.o
LOAD ./Core/Src/adc.o
LOAD ./Core/Src/button.o
LOAD ./Core/Src/buzzer.o
LOAD ./Core/Src/dma.o
LOAD ./Core/Src/ds3231.o
LOAD ./Core/Src/fsmc.o
LOAD ./Core/Src/gpio.o
LOAD ./Core/Src/i2c.o
LOAD ./Core/Src/lcd.o
LOAD ./Core/Src/led_7seg.o
LOAD ./Core/Src/main.o
LOAD ./Core/Src/picture.o
LOAD ./Core/Src/sensor.o
LOAD ./Core/Src/software_timer.o
LOAD ./Core/Src/spi.o
LOAD ./Core/Src/stm32f4xx_hal_msp.o
LOAD ./Core/Src/stm32f4xx_it.o
LOAD ./Core/Src/syscalls.o
LOAD ./Core/Src/sysmem.o
LOAD ./Core/Src/system_stm32f4xx.o
LOAD ./Core/Src/tim.o
LOAD ./Core/Src/utils.o
LOAD ./Core/Startup/startup_stm32f407zetx.o
LOAD ./Drivers/STM32F4xx_HAL_Driver/Src/stm32f4xx_hal.o
LOAD ./Drivers/STM32F4xx_HAL_Driver/Src/stm32f4xx_hal_adc.o
LOAD ./Drivers/STM32F4xx_HAL_Driver/Src/stm32f4xx_hal_adc_ex.o
LOAD ./Drivers/STM32F4xx_HAL_Driver/Src/stm32f4xx_hal_cortex.o
LOAD ./Drivers/STM32F4xx_HAL_Driver/Src/stm32f4xx_hal_dma.o
LOAD ./Drivers/STM32F4xx_HAL_Driver/Src/stm32f4xx_hal_dma_ex.o
LOAD ./Drivers/STM32F4xx_HAL_Driver/Src/stm32f4xx_hal_exti.o
LOAD ./Drivers/STM32F4xx_HAL_Driver/Src/stm32f4xx_hal_flash.o
LOAD ./Drivers/STM32F4xx_HAL_Driver/Src/stm32f4xx_hal_flash_ex.o
LOAD ./Drivers/STM32F4xx_HAL_Driver/Src/stm32f4xx_hal_flash_ramfunc.o
LOAD ./Drivers/STM32F4xx_HAL_Driver/Src/stm32f4xx_hal_gpio.o
LOAD ./Drivers/STM32F4xx_HAL_Driver/Src/stm32f4xx_hal_i2c.o
LOAD ./Drivers/STM32F4xx_HAL_Driver/Src/stm32f4xx_hal_i2c_ex.o
LOAD ./Drivers/STM32F4xx_HAL_Driver/Src/stm32f4xx_hal_pwr.o
LOAD ./Drivers/STM32F4xx_HAL_Driver/Src/stm32f4xx_hal_pwr_ex.o
LOAD ./Drivers/STM32F4xx_HAL_Driver/Src/stm32f4xx_hal_rcc.o
LOAD ./Drivers/STM32F4xx_HAL_Driver/Src/stm32f4xx_hal_rcc_ex.o
LOAD ./Drivers/STM32F4xx_HAL_Driver/Src/stm32f4xx_hal_spi.o
LOAD ./Drivers/STM32F4xx_HAL_Driver/Src/stm32f4xx_hal_sram.o
LOAD ./Drivers/STM32F4xx_HAL_Driver/Src/stm32f4xx_hal_tim.o
LOAD ./Drivers/STM32F4xx_HAL_Driver/Src/stm32f4xx_hal_tim_ex.o
LOAD ./Drivers/STM32F4xx_HAL_Driver/Src/stm32f4xx_ll_adc.o
LOAD ./Drivers/STM32F4xx_HAL_Driver/Src/stm32f4xx_ll_fsmc.o
START GROUP
LOAD c:/st/stm32cubeide_1.7.0/stm32cubeide/plugins/com.st.stm32cube.ide.mcu.externaltools.gnu-tools-for-stm32.9-2020-q2-update.win32_2.0.0.202105311346/tools/bin/../lib/gcc/arm-none-eabi/9.3.1/../../../../arm-none-eabi/lib/thumb/v7e-m+fp/hard\libc_nano.a
LOAD c:/st/stm32cubeide_1.7.0/stm32cubeide/plugins/com.st.stm32cube.ide.mcu.externaltools.gnu-tools-for-stm32.9-2020-q2-update.win32_2.0.0.202105311346/tools/bin/../lib/gcc/arm-none-eabi/9.3.1/../../../../arm-none-eabi/lib/thumb/v7e-m+fp/hard\libm.a
END GROUP
START GROUP
LOAD c:/st/stm32cubeide_1.7.0/stm32cubeide/plugins/com.st.stm32cube.ide.mcu.externaltools.gnu-tools-for-stm32.9-2020-q2-update.win32_2.0.0.202105311346/tools/bin/../lib/gcc/arm-none-eabi/9.3.1/thumb/v7e-m+fp/hard\libgcc.a
LOAD c:/st/stm32cubeide_1.7.0/stm32cubeide/plugins/com.st.stm32cube.ide.mcu.externaltools.gnu-tools-for-stm32.9-2020-q2-update.win32_2.0.0.202105311346/tools/bin/../lib/gcc/arm-none-eabi/9.3.1/../../../../arm-none-eabi/lib/thumb/v7e-m+fp/hard\libc_nano.a
END GROUP
START GROUP
LOAD c:/st/stm32cubeide_1.7.0/stm32cubeide/plugins/com.st.stm32cube.ide.mcu.externaltools.gnu-tools-for-stm32.9-2020-q2-update.win32_2.0.0.202105311346/tools/bin/../lib/gcc/arm-none-eabi/9.3.1/thumb/v7e-m+fp/hard\libgcc.a
LOAD c:/st/stm32cubeide_1.7.0/stm32cubeide/plugins/com.st.stm32cube.ide.mcu.externaltools.gnu-tools-for-stm32.9-2020-q2-update.win32_2.0.0.202105311346/tools/bin/../lib/gcc/arm-none-eabi/9.3.1/../../../../arm-none-eabi/lib/thumb/v7e-m+fp/hard\libc_nano.a
LOAD c:/st/stm32cubeide_1.7.0/stm32cubeide/plugins/com.st.stm32cube.ide.mcu.externaltools.gnu-tools-for-stm32.9-2020-q2-update.win32_2.0.0.202105311346/tools/bin/../lib/gcc/arm-none-eabi/9.3.1/../../../../arm-none-eabi/lib/thumb/v7e-m+fp/hard\libnosys.a
END GROUP
START GROUP
LOAD c:/st/stm32cubeide_1.7.0/stm32cubeide/plugins/com.st.stm32cube.ide.mcu.externaltools.gnu-tools-for-stm32.9-2020-q2-update.win32_2.0.0.202105311346/tools/bin/../lib/gcc/arm-none-eabi/9.3.1/thumb/v7e-m+fp/hard\libgcc.a
LOAD c:/st/stm32cubeide_1.7.0/stm32cubeide/plugins/com.st.stm32cube.ide.mcu.externaltools.gnu-tools-for-stm32.9-2020-q2-update.win32_2.0.0.202105311346/tools/bin/../lib/gcc/arm-none-eabi/9.3.1/../../../../arm-none-eabi/lib/thumb/v7e-m+fp/hard\libc_nano.a
LOAD c:/st/stm32cubeide_1.7.0/stm32cubeide/plugins/com.st.stm32cube.ide.mcu.externaltools.gnu-tools-for-stm32.9-2020-q2-update.win32_2.0.0.202105311346/tools/bin/../lib/gcc/arm-none-eabi/9.3.1/../../../../arm-none-eabi/lib/thumb/v7e-m+fp/hard\libnosys.a
END GROUP
LOAD c:/st/stm32cubeide_1.7.0/stm32cubeide/plugins/com.st.stm32cube.ide.mcu.externaltools.gnu-tools-for-stm32.9-2020-q2-update.win32_2.0.0.202105311346/tools/bin/../lib/gcc/arm-none-eabi/9.3.1/thumb/v7e-m+fp/hard/crtend.o
LOAD c:/st/stm32cubeide_1.7.0/stm32cubeide/plugins/com.st.stm32cube.ide.mcu.externaltools.gnu-tools-for-stm32.9-2020-q2-update.win32_2.0.0.202105311346/tools/bin/../lib/gcc/arm-none-eabi/9.3.1/thumb/v7e-m+fp/hard/crtn.o
                0x0000000020020000                _estack = (ORIGIN (RAM) + LENGTH (RAM))
                0x0000000000000200                _Min_Heap_Size = 0x200
                0x0000000000000400                _Min_Stack_Size = 0x400

.isr_vector     0x0000000008000000      0x188
                0x0000000008000000                . = ALIGN (0x4)
 *(.isr_vector)
 .isr_vector    0x0000000008000000      0x188 ./Core/Startup/startup_stm32f407zetx.o
                0x0000000008000000                g_pfnVectors
                0x0000000008000188                . = ALIGN (0x4)

.text           0x0000000008000188     0x6d90
                0x0000000008000188                . = ALIGN (0x4)
 *(.text)
 .text          0x0000000008000188       0x40 c:/st/stm32cubeide_1.7.0/stm32cubeide/plugins/com.st.stm32cube.ide.mcu.externaltools.gnu-tools-for-stm32.9-2020-q2-update.win32_2.0.0.202105311346/tools/bin/../lib/gcc/arm-none-eabi/9.3.1/thumb/v7e-m+fp/hard/crtbegin.o
 .text          0x00000000080001c8      0x378 c:/st/stm32cubeide_1.7.0/stm32cubeide/plugins/com.st.stm32cube.ide.mcu.externaltools.gnu-tools-for-stm32.9-2020-q2-update.win32_2.0.0.202105311346/tools/bin/../lib/gcc/arm-none-eabi/9.3.1/thumb/v7e-m+fp/hard\libgcc.a(_arm_addsubdf3.o)
                0x00000000080001c8                __aeabi_drsub
                0x00000000080001d0                __aeabi_dsub
                0x00000000080001d0                __subdf3
                0x00000000080001d4                __aeabi_dadd
                0x00000000080001d4                __adddf3
                0x000000000800044c                __floatunsidf
                0x000000000800044c                __aeabi_ui2d
                0x000000000800046c                __floatsidf
                0x000000000800046c                __aeabi_i2d
                0x0000000008000490                __aeabi_f2d
                0x0000000008000490                __extendsfdf2
                0x00000000080004d4                __floatundidf
                0x00000000080004d4                __aeabi_ul2d
                0x00000000080004e4                __floatdidf
                0x00000000080004e4                __aeabi_l2d
 .text          0x0000000008000540      0x424 c:/st/stm32cubeide_1.7.0/stm32cubeide/plugins/com.st.stm32cube.ide.mcu.externaltools.gnu-tools-for-stm32.9-2020-q2-update.win32_2.0.0.202105311346/tools/bin/../lib/gcc/arm-none-eabi/9.3.1/thumb/v7e-m+fp/hard\libgcc.a(_arm_muldivdf3.o)
                0x0000000008000540                __aeabi_dmul
                0x0000000008000540                __muldf3
                0x0000000008000794                __divdf3
                0x0000000008000794                __aeabi_ddiv
 .text          0x0000000008000964       0xa0 c:/st/stm32cubeide_1.7.0/stm32cubeide/plugins/com.st.stm32cube.ide.mcu.externaltools.gnu-tools-for-stm32.9-2020-q2-update.win32_2.0.0.202105311346/tools/bin/../lib/gcc/arm-none-eabi/9.3.1/thumb/v7e-m+fp/hard\libgcc.a(_arm_truncdfsf2.o)
                0x0000000008000964                __truncdfsf2
                0x0000000008000964                __aeabi_d2f
 .text          0x0000000008000a04       0x30 c:/st/stm32cubeide_1.7.0/stm32cubeide/plugins/com.st.stm32cube.ide.mcu.externaltools.gnu-tools-for-stm32.9-2020-q2-update.win32_2.0.0.202105311346/tools/bin/../lib/gcc/arm-none-eabi/9.3.1/thumb/v7e-m+fp/hard\libgcc.a(_aeabi_uldivmod.o)
                0x0000000008000a04                __aeabi_uldivmod
 .text          0x0000000008000a34      0x2c4 c:/st/stm32cubeide_1.7.0/stm32cubeide/plugins/com.st.stm32cube.ide.mcu.externaltools.gnu-tools-for-stm32.9-2020-q2-update.win32_2.0.0.202105311346/tools/bin/../lib/gcc/arm-none-eabi/9.3.1/thumb/v7e-m+fp/hard\libgcc.a(_udivmoddi4.o)
                0x0000000008000a34                __udivmoddi4
 .text          0x0000000008000cf8        0x4 c:/st/stm32cubeide_1.7.0/stm32cubeide/plugins/com.st.stm32cube.ide.mcu.externaltools.gnu-tools-for-stm32.9-2020-q2-update.win32_2.0.0.202105311346/tools/bin/../lib/gcc/arm-none-eabi/9.3.1/thumb/v7e-m+fp/hard\libgcc.a(_dvmd_tls.o)
                0x0000000008000cf8                __aeabi_idiv0
                0x0000000008000cf8                __aeabi_ldiv0
 *(.text*)
 .text.MX_ADC1_Init
                0x0000000008000cfc      0x114 ./Core/Src/adc.o
                0x0000000008000cfc                MX_ADC1_Init
 .text.HAL_ADC_MspInit
                0x0000000008000e10      0x128 ./Core/Src/adc.o
                0x0000000008000e10                HAL_ADC_MspInit
 .text.buzzer_init
                0x0000000008000f38       0x14 ./Core/Src/buzzer.o
                0x0000000008000f38                buzzer_init
 .text.buzzer_SetVolume
                0x0000000008000f4c       0x30 ./Core/Src/buzzer.o
                0x0000000008000f4c                buzzer_SetVolume
 .text.MX_DMA_Init
                0x0000000008000f7c       0x40 ./Core/Src/dma.o
                0x0000000008000f7c                MX_DMA_Init
 .text.ds3231_ReadTime
                0x0000000008000fbc       0xc8 ./Core/Src/ds3231.o
                0x0000000008000fbc                ds3231_ReadTime
 .text.sevenSegment_DisplayTime
                0x0000000008001084       0xa0 ./Core/Src/ds3231.o
                0x0000000008001084                sevenSegment_DisplayTime
 .text.init_seven_segment_clock
                0x0000000008001124        0xc ./Core/Src/ds3231.o
                0x0000000008001124                init_seven_segment_clock
 .text.update_seven_segment_clock
                0x0000000008001130       0x24 ./Core/Src/ds3231.o
                0x0000000008001130                update_seven_segment_clock
 .text.MX_FSMC_Init
                0x0000000008001154       0xf4 ./Core/Src/fsmc.o
                0x0000000008001154                MX_FSMC_Init
 .text.HAL_FSMC_MspInit
                0x0000000008001248       0x98 ./Core/Src/fsmc.o
 .text.HAL_SRAM_MspInit
                0x00000000080012e0       0x14 ./Core/Src/fsmc.o
                0x00000000080012e0                HAL_SRAM_MspInit
 .text.MX_GPIO_Init
                0x00000000080012f4      0x20c ./Core/Src/gpio.o
                0x00000000080012f4                MX_GPIO_Init
 .text.MX_I2C1_Init
                0x0000000008001500       0x5c ./Core/Src/i2c.o
                0x0000000008001500                MX_I2C1_Init
 .text.HAL_I2C_MspInit
                0x000000000800155c       0x90 ./Core/Src/i2c.o
                0x000000000800155c                HAL_I2C_MspInit
 .text.LCD_WR_REG
                0x00000000080015ec       0x20 ./Core/Src/lcd.o
                0x00000000080015ec                LCD_WR_REG
 .text.LCD_WR_DATA
                0x000000000800160c       0x20 ./Core/Src/lcd.o
 .text.LCD_RD_DATA
                0x000000000800162c       0x24 ./Core/Src/lcd.o
 .text.lcd_AddressSet
                0x0000000008001650       0x98 ./Core/Src/lcd.o
                0x0000000008001650                lcd_AddressSet
 .text.lcd_Clear
                0x00000000080016e8       0x64 ./Core/Src/lcd.o
                0x00000000080016e8                lcd_Clear
 .text.lcd_Fill
                0x000000000800174c       0x6c ./Core/Src/lcd.o
                0x000000000800174c                lcd_Fill
 .text.lcd_DrawPoint
                0x00000000080017b8       0x2e ./Core/Src/lcd.o
                0x00000000080017b8                lcd_DrawPoint
 *fill*         0x00000000080017e6        0x2 
 .text.lcd_ShowChar
                0x00000000080017e8      0x1a0 ./Core/Src/lcd.o
                0x00000000080017e8                lcd_ShowChar
 .text.mypow    0x0000000008001988       0x38 ./Core/Src/lcd.o
                0x0000000008001988                mypow
 .text.lcd_ShowIntNum
                0x00000000080019c0       0xfc ./Core/Src/lcd.o
                0x00000000080019c0                lcd_ShowIntNum
 .text.lcd_ShowFloatNum
                0x0000000008001abc      0x110 ./Core/Src/lcd.o
                0x0000000008001abc                lcd_ShowFloatNum
 .text.lcd_SetDir
                0x0000000008001bcc       0x48 ./Core/Src/lcd.o
                0x0000000008001bcc                lcd_SetDir
 .text.lcd_init
                0x0000000008001c14      0x2c0 ./Core/Src/lcd.o
                0x0000000008001c14                lcd_init
 .text.lcd_ShowStr
                0x0000000008001ed4       0xc8 ./Core/Src/lcd.o
                0x0000000008001ed4                lcd_ShowStr
 .text.led7_Scan
                0x0000000008001f9c      0x118 ./Core/Src/led_7seg.o
                0x0000000008001f9c                led7_Scan
 .text.led7_SetDigit
                0x00000000080020b4       0x48 ./Core/Src/led_7seg.o
                0x00000000080020b4                led7_SetDigit
 .text.led7_SetColon
                0x00000000080020fc       0x40 ./Core/Src/led_7seg.o
                0x00000000080020fc                led7_SetColon
 .text.main     0x000000000800213c       0x60 ./Core/Src/main.o
                0x000000000800213c                main
 .text.SystemClock_Config
                0x000000000800219c       0xd4 ./Core/Src/main.o
                0x000000000800219c                SystemClock_Config
 .text.system_init
                0x0000000008002270       0x1e ./Core/Src/main.o
                0x0000000008002270                system_init
 *fill*         0x000000000800228e        0x2 
 .text.test_LedDebug
                0x0000000008002290       0x48 ./Core/Src/main.o
                0x0000000008002290                test_LedDebug
 .text.test_Adc
                0x00000000080022d8      0x198 ./Core/Src/main.o
                0x00000000080022d8                test_Adc
 .text.test_Buzzer
                0x0000000008002470       0x84 ./Core/Src/main.o
                0x0000000008002470                test_Buzzer
 .text.Error_Handler
                0x00000000080024f4        0xa ./Core/Src/main.o
                0x00000000080024f4                Error_Handler
 *fill*         0x00000000080024fe        0x2 
 .text.sensor_init
                0x0000000008002500       0x1c ./Core/Src/sensor.o
                0x0000000008002500                sensor_init
 .text.sensor_Read
                0x000000000800251c       0x1c ./Core/Src/sensor.o
                0x000000000800251c                sensor_Read
 .text.sensor_GetLight
                0x0000000008002538       0x18 ./Core/Src/sensor.o
                0x0000000008002538                sensor_GetLight
 .text.sensor_GetHumidity
                0x0000000008002550       0x3c ./Core/Src/sensor.o
                0x0000000008002550                sensor_GetHumidity
 *fill*         0x000000000800258c        0x4 
 .text.sensor_GetVoltage
                0x0000000008002590       0x78 ./Core/Src/sensor.o
                0x0000000008002590                sensor_GetVoltage
 .text.sensor_GetCurrent
                0x0000000008002608       0xb8 ./Core/Src/sensor.o
                0x0000000008002608                sensor_GetCurrent
 .text.sensor_GetTemperature
                0x00000000080026c0       0x3c ./Core/Src/sensor.o
                0x00000000080026c0                sensor_GetTemperature
 .text.sensor_GetPower
                0x00000000080026fc       0x28 ./Core/Src/sensor.o
                0x00000000080026fc                sensor_GetPower
 .text.timer_init
                0x0000000008002724       0x14 ./Core/Src/software_timer.o
                0x0000000008002724                timer_init
 .text.setTimer2
                0x0000000008002738       0x38 ./Core/Src/software_timer.o
                0x0000000008002738                setTimer2
 .text.HAL_TIM_PeriodElapsedCallback
                0x0000000008002770       0x54 ./Core/Src/software_timer.o
                0x0000000008002770                HAL_TIM_PeriodElapsedCallback
 .text.MX_SPI1_Init
                0x00000000080027c4       0x6c ./Core/Src/spi.o
                0x00000000080027c4                MX_SPI1_Init
 .text.HAL_SPI_MspInit
                0x0000000008002830       0x90 ./Core/Src/spi.o
                0x0000000008002830                HAL_SPI_MspInit
 .text.HAL_MspInit
                0x00000000080028c0       0x50 ./Core/Src/stm32f4xx_hal_msp.o
                0x00000000080028c0                HAL_MspInit
 .text.NMI_Handler
                0x0000000008002910        0x6 ./Core/Src/stm32f4xx_it.o
                0x0000000008002910                NMI_Handler
 .text.HardFault_Handler
                0x0000000008002916        0x6 ./Core/Src/stm32f4xx_it.o
                0x0000000008002916                HardFault_Handler
 .text.MemManage_Handler
                0x000000000800291c        0x6 ./Core/Src/stm32f4xx_it.o
                0x000000000800291c                MemManage_Handler
 .text.BusFault_Handler
                0x0000000008002922        0x6 ./Core/Src/stm32f4xx_it.o
                0x0000000008002922                BusFault_Handler
 .text.UsageFault_Handler
                0x0000000008002928        0x6 ./Core/Src/stm32f4xx_it.o
                0x0000000008002928                UsageFault_Handler
 .text.SVC_Handler
                0x000000000800292e        0xe ./Core/Src/stm32f4xx_it.o
                0x000000000800292e                SVC_Handler
 .text.DebugMon_Handler
                0x000000000800293c        0xe ./Core/Src/stm32f4xx_it.o
                0x000000000800293c                DebugMon_Handler
 .text.PendSV_Handler
                0x000000000800294a        0xe ./Core/Src/stm32f4xx_it.o
                0x000000000800294a                PendSV_Handler
 .text.SysTick_Handler
                0x0000000008002958        0xc ./Core/Src/stm32f4xx_it.o
                0x0000000008002958                SysTick_Handler
 .text.TIM2_IRQHandler
                0x0000000008002964       0x14 ./Core/Src/stm32f4xx_it.o
                0x0000000008002964                TIM2_IRQHandler
 .text.DMA2_Stream0_IRQHandler
                0x0000000008002978       0x14 ./Core/Src/stm32f4xx_it.o
                0x0000000008002978                DMA2_Stream0_IRQHandler
 .text.SystemInit
                0x000000000800298c       0x24 ./Core/Src/system_stm32f4xx.o
                0x000000000800298c                SystemInit
 .text.MX_TIM2_Init
                0x00000000080029b0       0x98 ./Core/Src/tim.o
                0x00000000080029b0                MX_TIM2_Init
 .text.MX_TIM13_Init
                0x0000000008002a48       0x9c ./Core/Src/tim.o
                0x0000000008002a48                MX_TIM13_Init
 .text.HAL_TIM_Base_MspInit
                0x0000000008002ae4       0x78 ./Core/Src/tim.o
                0x0000000008002ae4                HAL_TIM_Base_MspInit
 .text.HAL_TIM_MspPostInit
                0x0000000008002b5c       0x74 ./Core/Src/tim.o
                0x0000000008002b5c                HAL_TIM_MspPostInit
 .text.BCD2DEC  0x0000000008002bd0       0x32 ./Core/Src/utils.o
                0x0000000008002bd0                BCD2DEC
 *fill*         0x0000000008002c02        0x2 
 .text.Reset_Handler
                0x0000000008002c04       0x50 ./Core/Startup/startup_stm32f407zetx.o
                0x0000000008002c04                Reset_Handler
 .text.Default_Handler
                0x0000000008002c54        0x2 ./Core/Startup/startup_stm32f407zetx.o
                0x0000000008002c54                RTC_Alarm_IRQHandler
                0x0000000008002c54                HASH_RNG_IRQHandler
                0x0000000008002c54                EXTI2_IRQHandler
                0x0000000008002c54                TIM8_CC_IRQHandler
                0x0000000008002c54                TIM1_CC_IRQHandler
                0x0000000008002c54                DMA2_Stream5_IRQHandler
                0x0000000008002c54                DMA1_Stream5_IRQHandler
                0x0000000008002c54                PVD_IRQHandler
                0x0000000008002c54                SDIO_IRQHandler
                0x0000000008002c54                TAMP_STAMP_IRQHandler
                0x0000000008002c54                CAN2_RX1_IRQHandler
                0x0000000008002c54                EXTI3_IRQHandler
                0x0000000008002c54                TIM8_TRG_COM_TIM14_IRQHandler
                0x0000000008002c54                TIM1_UP_TIM10_IRQHandler
                0x0000000008002c54                TIM8_UP_TIM13_IRQHandler
                0x0000000008002c54                I2C3_ER_IRQHandler
                0x0000000008002c54                EXTI0_IRQHandler
                0x0000000008002c54                I2C2_EV_IRQHandler
                0x0000000008002c54                DMA1_Stream2_IRQHandler
                0x0000000008002c54                CAN1_RX0_IRQHandler
                0x0000000008002c54                FPU_IRQHandler
                0x0000000008002c54                OTG_HS_WKUP_IRQHandler
                0x0000000008002c54                CAN2_SCE_IRQHandler
                0x0000000008002c54                DMA2_Stream2_IRQHandler
                0x0000000008002c54                SPI1_IRQHandler
                0x0000000008002c54                TIM6_DAC_IRQHandler
                0x0000000008002c54                TIM1_BRK_TIM9_IRQHandler
                0x0000000008002c54                DCMI_IRQHandler
                0x0000000008002c54                CAN2_RX0_IRQHandler
                0x0000000008002c54                DMA2_Stream3_IRQHandler
                0x0000000008002c54                USART6_IRQHandler
                0x0000000008002c54                USART3_IRQHandler
                0x0000000008002c54                CAN1_RX1_IRQHandler
                0x0000000008002c54                UART5_IRQHandler
                0x0000000008002c54                TIM4_IRQHandler
                0x0000000008002c54                I2C1_EV_IRQHandler
                0x0000000008002c54                DMA1_Stream6_IRQHandler
                0x0000000008002c54                DMA1_Stream1_IRQHandler
                0x0000000008002c54                UART4_IRQHandler
                0x0000000008002c54                TIM3_IRQHandler
                0x0000000008002c54                RCC_IRQHandler
                0x0000000008002c54                TIM8_BRK_TIM12_IRQHandler
                0x0000000008002c54                Default_Handler
                0x0000000008002c54                EXTI15_10_IRQHandler
                0x0000000008002c54                ADC_IRQHandler
                0x0000000008002c54                DMA1_Stream7_IRQHandler
                0x0000000008002c54                TIM7_IRQHandler
                0x0000000008002c54                CAN2_TX_IRQHandler
                0x0000000008002c54                TIM5_IRQHandler
                0x0000000008002c54                DMA2_Stream7_IRQHandler
                0x0000000008002c54                I2C3_EV_IRQHandler
                0x0000000008002c54                EXTI9_5_IRQHandler
                0x0000000008002c54                RTC_WKUP_IRQHandler
                0x0000000008002c54                ETH_WKUP_IRQHandler
                0x0000000008002c54                SPI2_IRQHandler
                0x0000000008002c54                OTG_HS_EP1_IN_IRQHandler
                0x0000000008002c54                DMA1_Stream0_IRQHandler
                0x0000000008002c54                CAN1_TX_IRQHandler
                0x0000000008002c54                EXTI4_IRQHandler
                0x0000000008002c54                FSMC_IRQHandler
                0x0000000008002c54                ETH_IRQHandler
                0x0000000008002c54                OTG_HS_EP1_OUT_IRQHandler
                0x0000000008002c54                WWDG_IRQHandler
                0x0000000008002c54                OTG_FS_WKUP_IRQHandler
                0x0000000008002c54                TIM1_TRG_COM_TIM11_IRQHandler
                0x0000000008002c54                OTG_HS_IRQHandler
                0x0000000008002c54                EXTI1_IRQHandler
                0x0000000008002c54                USART2_IRQHandler
                0x0000000008002c54                I2C2_ER_IRQHandler
                0x0000000008002c54                DMA2_Stream1_IRQHandler
                0x0000000008002c54                CAN1_SCE_IRQHandler
                0x0000000008002c54                FLASH_IRQHandler
                0x0000000008002c54                DMA2_Stream4_IRQHandler
                0x0000000008002c54                USART1_IRQHandler
                0x0000000008002c54                OTG_FS_IRQHandler
                0x0000000008002c54                SPI3_IRQHandler
                0x0000000008002c54                DMA1_Stream4_IRQHandler
                0x0000000008002c54                I2C1_ER_IRQHandler
                0x0000000008002c54                DMA2_Stream6_IRQHandler
                0x0000000008002c54                DMA1_Stream3_IRQHandler
 *fill*         0x0000000008002c56        0x2 
 .text.HAL_Init
                0x0000000008002c58       0x44 ./Drivers/STM32F4xx_HAL_Driver/Src/stm32f4xx_hal.o
                0x0000000008002c58                HAL_Init
 .text.HAL_InitTick
                0x0000000008002c9c       0x60 ./Drivers/STM32F4xx_HAL_Driver/Src/stm32f4xx_hal.o
                0x0000000008002c9c                HAL_InitTick
 .text.HAL_IncTick
                0x0000000008002cfc       0x28 ./Drivers/STM32F4xx_HAL_Driver/Src/stm32f4xx_hal.o
                0x0000000008002cfc                HAL_IncTick
 .text.HAL_GetTick
                0x0000000008002d24       0x18 ./Drivers/STM32F4xx_HAL_Driver/Src/stm32f4xx_hal.o
                0x0000000008002d24                HAL_GetTick
 .text.HAL_Delay
                0x0000000008002d3c       0x48 ./Drivers/STM32F4xx_HAL_Driver/Src/stm32f4xx_hal.o
                0x0000000008002d3c                HAL_Delay
 .text.HAL_ADC_Init
                0x0000000008002d84       0x86 ./Drivers/STM32F4xx_HAL_Driver/Src/stm32f4xx_hal_adc.o
                0x0000000008002d84                HAL_ADC_Init
 *fill*         0x0000000008002e0a        0x2 
 .text.HAL_ADC_Start_DMA
                0x0000000008002e0c      0x220 ./Drivers/STM32F4xx_HAL_Driver/Src/stm32f4xx_hal_adc.o
                0x0000000008002e0c                HAL_ADC_Start_DMA
 .text.HAL_ADC_ConvCpltCallback
                0x000000000800302c       0x14 ./Drivers/STM32F4xx_HAL_Driver/Src/stm32f4xx_hal_adc.o
                0x000000000800302c                HAL_ADC_ConvCpltCallback
 .text.HAL_ADC_ConvHalfCpltCallback
                0x0000000008003040       0x14 ./Drivers/STM32F4xx_HAL_Driver/Src/stm32f4xx_hal_adc.o
                0x0000000008003040                HAL_ADC_ConvHalfCpltCallback
 .text.HAL_ADC_ErrorCallback
                0x0000000008003054       0x14 ./Drivers/STM32F4xx_HAL_Driver/Src/stm32f4xx_hal_adc.o
                0x0000000008003054                HAL_ADC_ErrorCallback
 .text.HAL_ADC_ConfigChannel
                0x0000000008003068      0x244 ./Drivers/STM32F4xx_HAL_Driver/Src/stm32f4xx_hal_adc.o
                0x0000000008003068                HAL_ADC_ConfigChannel
 .text.ADC_Init
                0x00000000080032ac      0x1f8 ./Drivers/STM32F4xx_HAL_Driver/Src/stm32f4xx_hal_adc.o
 .text.ADC_DMAConvCplt
                0x00000000080034a4       0xba ./Drivers/STM32F4xx_HAL_Driver/Src/stm32f4xx_hal_adc.o
 .text.ADC_DMAHalfConvCplt
                0x000000000800355e       0x1c ./Drivers/STM32F4xx_HAL_Driver/Src/stm32f4xx_hal_adc.o
 .text.ADC_DMAError
                0x000000000800357a       0x2e ./Drivers/STM32F4xx_HAL_Driver/Src/stm32f4xx_hal_adc.o
 .text.__NVIC_SetPriorityGrouping
                0x00000000080035a8       0x48 ./Drivers/STM32F4xx_HAL_Driver/Src/stm32f4xx_hal_cortex.o
 .text.__NVIC_GetPriorityGrouping
                0x00000000080035f0       0x1c ./Drivers/STM32F4xx_HAL_Driver/Src/stm32f4xx_hal_cortex.o
 .text.__NVIC_EnableIRQ
                0x000000000800360c       0x3c ./Drivers/STM32F4xx_HAL_Driver/Src/stm32f4xx_hal_cortex.o
 .text.__NVIC_SetPriority
                0x0000000008003648       0x54 ./Drivers/STM32F4xx_HAL_Driver/Src/stm32f4xx_hal_cortex.o
 .text.NVIC_EncodePriority
                0x000000000800369c       0x66 ./Drivers/STM32F4xx_HAL_Driver/Src/stm32f4xx_hal_cortex.o
 *fill*         0x0000000008003702        0x2 
 .text.SysTick_Config
                0x0000000008003704       0x44 ./Drivers/STM32F4xx_HAL_Driver/Src/stm32f4xx_hal_cortex.o
 .text.HAL_NVIC_SetPriorityGrouping
                0x0000000008003748       0x16 ./Drivers/STM32F4xx_HAL_Driver/Src/stm32f4xx_hal_cortex.o
                0x0000000008003748                HAL_NVIC_SetPriorityGrouping
 .text.HAL_NVIC_SetPriority
                0x000000000800375e       0x38 ./Drivers/STM32F4xx_HAL_Driver/Src/stm32f4xx_hal_cortex.o
                0x000000000800375e                HAL_NVIC_SetPriority
 .text.HAL_NVIC_EnableIRQ
                0x0000000008003796       0x1c ./Drivers/STM32F4xx_HAL_Driver/Src/stm32f4xx_hal_cortex.o
                0x0000000008003796                HAL_NVIC_EnableIRQ
 .text.HAL_SYSTICK_Config
                0x00000000080037b2       0x18 ./Drivers/STM32F4xx_HAL_Driver/Src/stm32f4xx_hal_cortex.o
                0x00000000080037b2                HAL_SYSTICK_Config
 *fill*         0x00000000080037ca        0x2 
 .text.HAL_DMA_Init
                0x00000000080037cc      0x15c ./Drivers/STM32F4xx_HAL_Driver/Src/stm32f4xx_hal_dma.o
                0x00000000080037cc                HAL_DMA_Init
 .text.HAL_DMA_Start_IT
                0x0000000008003928       0xb0 ./Drivers/STM32F4xx_HAL_Driver/Src/stm32f4xx_hal_dma.o
                0x0000000008003928                HAL_DMA_Start_IT
 .text.HAL_DMA_IRQHandler
                0x00000000080039d8      0x314 ./Drivers/STM32F4xx_HAL_Driver/Src/stm32f4xx_hal_dma.o
                0x00000000080039d8                HAL_DMA_IRQHandler
 .text.DMA_SetConfig
                0x0000000008003cec       0x5c ./Drivers/STM32F4xx_HAL_Driver/Src/stm32f4xx_hal_dma.o
 .text.DMA_CalcBaseAndBitshift
                0x0000000008003d48       0x6c ./Drivers/STM32F4xx_HAL_Driver/Src/stm32f4xx_hal_dma.o
 .text.DMA_CheckFifoParam
                0x0000000008003db4       0xf8 ./Drivers/STM32F4xx_HAL_Driver/Src/stm32f4xx_hal_dma.o
 .text.HAL_GPIO_Init
                0x0000000008003eac      0x338 ./Drivers/STM32F4xx_HAL_Driver/Src/stm32f4xx_hal_gpio.o
                0x0000000008003eac                HAL_GPIO_Init
 .text.HAL_GPIO_WritePin
                0x00000000080041e4       0x32 ./Drivers/STM32F4xx_HAL_Driver/Src/stm32f4xx_hal_gpio.o
                0x00000000080041e4                HAL_GPIO_WritePin
 .text.HAL_GPIO_TogglePin
                0x0000000008004216       0x34 ./Drivers/STM32F4xx_HAL_Driver/Src/stm32f4xx_hal_gpio.o
                0x0000000008004216                HAL_GPIO_TogglePin
 *fill*         0x000000000800424a        0x2 
 .text.HAL_I2C_Init
                0x000000000800424c      0x288 ./Drivers/STM32F4xx_HAL_Driver/Src/stm32f4xx_hal_i2c.o
                0x000000000800424c                HAL_I2C_Init
 .text.HAL_I2C_Mem_Read
                0x00000000080044d4      0x44c ./Drivers/STM32F4xx_HAL_Driver/Src/stm32f4xx_hal_i2c.o
                0x00000000080044d4                HAL_I2C_Mem_Read
 .text.I2C_RequestMemoryRead
                0x0000000008004920      0x1d0 ./Drivers/STM32F4xx_HAL_Driver/Src/stm32f4xx_hal_i2c.o
 .text.I2C_WaitOnFlagUntilTimeout
                0x0000000008004af0       0xae ./Drivers/STM32F4xx_HAL_Driver/Src/stm32f4xx_hal_i2c.o
 .text.I2C_WaitOnMasterAddressFlagUntilTimeout
                0x0000000008004b9e       0xfe ./Drivers/STM32F4xx_HAL_Driver/Src/stm32f4xx_hal_i2c.o
 .text.I2C_WaitOnTXEFlagUntilTimeout
                0x0000000008004c9c       0x82 ./Drivers/STM32F4xx_HAL_Driver/Src/stm32f4xx_hal_i2c.o
 .text.I2C_WaitOnRXNEFlagUntilTimeout
                0x0000000008004d1e       0xac ./Drivers/STM32F4xx_HAL_Driver/Src/stm32f4xx_hal_i2c.o
 .text.I2C_IsAcknowledgeFailed
                0x0000000008004dca       0x5e ./Drivers/STM32F4xx_HAL_Driver/Src/stm32f4xx_hal_i2c.o
 .text.HAL_RCC_OscConfig
                0x0000000008004e28      0x4f0 ./Drivers/STM32F4xx_HAL_Driver/Src/stm32f4xx_hal_rcc.o
                0x0000000008004e28                HAL_RCC_OscConfig
 .text.HAL_RCC_ClockConfig
                0x0000000008005318      0x1cc ./Drivers/STM32F4xx_HAL_Driver/Src/stm32f4xx_hal_rcc.o
                0x0000000008005318                HAL_RCC_ClockConfig
 .text.HAL_RCC_GetSysClockFreq
                0x00000000080054e4      0x1c4 ./Drivers/STM32F4xx_HAL_Driver/Src/stm32f4xx_hal_rcc.o
                0x00000000080054e4                HAL_RCC_GetSysClockFreq
 .text.HAL_RCC_GetHCLKFreq
                0x00000000080056a8       0x18 ./Drivers/STM32F4xx_HAL_Driver/Src/stm32f4xx_hal_rcc.o
                0x00000000080056a8                HAL_RCC_GetHCLKFreq
 .text.HAL_RCC_GetPCLK1Freq
                0x00000000080056c0       0x28 ./Drivers/STM32F4xx_HAL_Driver/Src/stm32f4xx_hal_rcc.o
                0x00000000080056c0                HAL_RCC_GetPCLK1Freq
 .text.HAL_SPI_Init
                0x00000000080056e8      0x112 ./Drivers/STM32F4xx_HAL_Driver/Src/stm32f4xx_hal_spi.o
                0x00000000080056e8                HAL_SPI_Init
 .text.HAL_SPI_Transmit
                0x00000000080057fa      0x278 ./Drivers/STM32F4xx_HAL_Driver/Src/stm32f4xx_hal_spi.o
                0x00000000080057fa                HAL_SPI_Transmit
 *fill*         0x0000000008005a72        0x2 
 .text.SPI_WaitFlagStateUntilTimeout
                0x0000000008005a74      0x110 ./Drivers/STM32F4xx_HAL_Driver/Src/stm32f4xx_hal_spi.o
 .text.SPI_EndRxTxTransaction
                0x0000000008005b84       0x84 ./Drivers/STM32F4xx_HAL_Driver/Src/stm32f4xx_hal_spi.o
 .text.HAL_SRAM_Init
                0x0000000008005c08       0x88 ./Drivers/STM32F4xx_HAL_Driver/Src/stm32f4xx_hal_sram.o
                0x0000000008005c08                HAL_SRAM_Init
 .text.HAL_TIM_Base_Init
                0x0000000008005c90       0x9e ./Drivers/STM32F4xx_HAL_Driver/Src/stm32f4xx_hal_tim.o
                0x0000000008005c90                HAL_TIM_Base_Init
 *fill*         0x0000000008005d2e        0x2 
 .text.HAL_TIM_Base_Start_IT
                0x0000000008005d30       0xe0 ./Drivers/STM32F4xx_HAL_Driver/Src/stm32f4xx_hal_tim.o
                0x0000000008005d30                HAL_TIM_Base_Start_IT
 .text.HAL_TIM_PWM_Init
                0x0000000008005e10       0x9e ./Drivers/STM32F4xx_HAL_Driver/Src/stm32f4xx_hal_tim.o
                0x0000000008005e10                HAL_TIM_PWM_Init
 .text.HAL_TIM_PWM_MspInit
                0x0000000008005eae       0x14 ./Drivers/STM32F4xx_HAL_Driver/Src/stm32f4xx_hal_tim.o
                0x0000000008005eae                HAL_TIM_PWM_MspInit
 *fill*         0x0000000008005ec2        0x2 
 .text.HAL_TIM_PWM_Start
                0x0000000008005ec4      0x190 ./Drivers/STM32F4xx_HAL_Driver/Src/stm32f4xx_hal_tim.o
                0x0000000008005ec4                HAL_TIM_PWM_Start
 .text.HAL_TIM_IRQHandler
                0x0000000008006054      0x210 ./Drivers/STM32F4xx_HAL_Driver/Src/stm32f4xx_hal_tim.o
                0x0000000008006054                HAL_TIM_IRQHandler
 .text.HAL_TIM_PWM_ConfigChannel
                0x0000000008006264      0x184 ./Drivers/STM32F4xx_HAL_Driver/Src/stm32f4xx_hal_tim.o
                0x0000000008006264                HAL_TIM_PWM_ConfigChannel
 .text.HAL_TIM_ConfigClockSource
                0x00000000080063e8      0x18e ./Drivers/STM32F4xx_HAL_Driver/Src/stm32f4xx_hal_tim.o
                0x00000000080063e8                HAL_TIM_ConfigClockSource
 .text.HAL_TIM_OC_DelayElapsedCallback
                0x0000000008006576       0x14 ./Drivers/STM32F4xx_HAL_Driver/Src/stm32f4xx_hal_tim.o
                0x0000000008006576                HAL_TIM_OC_DelayElapsedCallback
 .text.HAL_TIM_IC_CaptureCallback
                0x000000000800658a       0x14 ./Drivers/STM32F4xx_HAL_Driver/Src/stm32f4xx_hal_tim.o
                0x000000000800658a                HAL_TIM_IC_CaptureCallback
 .text.HAL_TIM_PWM_PulseFinishedCallback
                0x000000000800659e       0x14 ./Drivers/STM32F4xx_HAL_Driver/Src/stm32f4xx_hal_tim.o
                0x000000000800659e                HAL_TIM_PWM_PulseFinishedCallback
 .text.HAL_TIM_TriggerCallback
                0x00000000080065b2       0x14 ./Drivers/STM32F4xx_HAL_Driver/Src/stm32f4xx_hal_tim.o
                0x00000000080065b2                HAL_TIM_TriggerCallback
 *fill*         0x00000000080065c6        0x2 
 .text.TIM_Base_SetConfig
                0x00000000080065c8      0x140 ./Drivers/STM32F4xx_HAL_Driver/Src/stm32f4xx_hal_tim.o
                0x00000000080065c8                TIM_Base_SetConfig
 .text.TIM_OC1_SetConfig
                0x0000000008006708       0xe0 ./Drivers/STM32F4xx_HAL_Driver/Src/stm32f4xx_hal_tim.o
 .text.TIM_OC2_SetConfig
                0x00000000080067e8       0xec ./Drivers/STM32F4xx_HAL_Driver/Src/stm32f4xx_hal_tim.o
                0x00000000080067e8                TIM_OC2_SetConfig
 .text.TIM_OC3_SetConfig
                0x00000000080068d4       0xe8 ./Drivers/STM32F4xx_HAL_Driver/Src/stm32f4xx_hal_tim.o
 .text.TIM_OC4_SetConfig
                0x00000000080069bc       0xac ./Drivers/STM32F4xx_HAL_Driver/Src/stm32f4xx_hal_tim.o
 .text.TIM_TI1_ConfigInputStage
                0x0000000008006a68       0x5e ./Drivers/STM32F4xx_HAL_Driver/Src/stm32f4xx_hal_tim.o
 .text.TIM_TI2_ConfigInputStage
                0x0000000008006ac6       0x60 ./Drivers/STM32F4xx_HAL_Driver/Src/stm32f4xx_hal_tim.o
 .text.TIM_ITRx_SetConfig
                0x0000000008006b26       0x36 ./Drivers/STM32F4xx_HAL_Driver/Src/stm32f4xx_hal_tim.o
 .text.TIM_ETR_SetConfig
                0x0000000008006b5c       0x40 ./Drivers/STM32F4xx_HAL_Driver/Src/stm32f4xx_hal_tim.o
                0x0000000008006b5c                TIM_ETR_SetConfig
 .text.TIM_CCxChannelCmd
                0x0000000008006b9c       0x4a ./Drivers/STM32F4xx_HAL_Driver/Src/stm32f4xx_hal_tim.o
                0x0000000008006b9c                TIM_CCxChannelCmd
 *fill*         0x0000000008006be6        0x2 
 .text.HAL_TIMEx_MasterConfigSynchronization
                0x0000000008006be8       0xf8 ./Drivers/STM32F4xx_HAL_Driver/Src/stm32f4xx_hal_tim_ex.o
                0x0000000008006be8                HAL_TIMEx_MasterConfigSynchronization
 .text.HAL_TIMEx_CommutCallback
                0x0000000008006ce0       0x14 ./Drivers/STM32F4xx_HAL_Driver/Src/stm32f4xx_hal_tim_ex.o
                0x0000000008006ce0                HAL_TIMEx_CommutCallback
 .text.HAL_TIMEx_BreakCallback
                0x0000000008006cf4       0x14 ./Drivers/STM32F4xx_HAL_Driver/Src/stm32f4xx_hal_tim_ex.o
                0x0000000008006cf4                HAL_TIMEx_BreakCallback
 .text.FSMC_NORSRAM_Init
                0x0000000008006d08       0xa4 ./Drivers/STM32F4xx_HAL_Driver/Src/stm32f4xx_ll_fsmc.o
                0x0000000008006d08                FSMC_NORSRAM_Init
 .text.FSMC_NORSRAM_Timing_Init
                0x0000000008006dac       0x7a ./Drivers/STM32F4xx_HAL_Driver/Src/stm32f4xx_ll_fsmc.o
                0x0000000008006dac                FSMC_NORSRAM_Timing_Init
 *fill*         0x0000000008006e26        0x2 
 .text.FSMC_NORSRAM_Extended_Timing_Init
                0x0000000008006e28       0x80 ./Drivers/STM32F4xx_HAL_Driver/Src/stm32f4xx_ll_fsmc.o
                0x0000000008006e28                FSMC_NORSRAM_Extended_Timing_Init
 .text.__libc_init_array
                0x0000000008006ea8       0x48 c:/st/stm32cubeide_1.7.0/stm32cubeide/plugins/com.st.stm32cube.ide.mcu.externaltools.gnu-tools-for-stm32.9-2020-q2-update.win32_2.0.0.202105311346/tools/bin/../lib/gcc/arm-none-eabi/9.3.1/../../../../arm-none-eabi/lib/thumb/v7e-m+fp/hard\libc_nano.a(lib_a-init.o)
                0x0000000008006ea8                __libc_init_array
 .text.memset   0x0000000008006ef0       0x10 c:/st/stm32cubeide_1.7.0/stm32cubeide/plugins/com.st.stm32cube.ide.mcu.externaltools.gnu-tools-for-stm32.9-2020-q2-update.win32_2.0.0.202105311346/tools/bin/../lib/gcc/arm-none-eabi/9.3.1/../../../../arm-none-eabi/lib/thumb/v7e-m+fp/hard\libc_nano.a(lib_a-memset.o)
                0x0000000008006ef0                memset
 *(.glue_7)
 .glue_7        0x0000000008006f00        0x0 linker stubs
 *(.glue_7t)
 .glue_7t       0x0000000008006f00        0x0 linker stubs
 *(.eh_frame)
 .eh_frame      0x0000000008006f00        0x0 c:/st/stm32cubeide_1.7.0/stm32cubeide/plugins/com.st.stm32cube.ide.mcu.externaltools.gnu-tools-for-stm32.9-2020-q2-update.win32_2.0.0.202105311346/tools/bin/../lib/gcc/arm-none-eabi/9.3.1/thumb/v7e-m+fp/hard/crtbegin.o
 *(.init)
 .init          0x0000000008006f00        0x4 c:/st/stm32cubeide_1.7.0/stm32cubeide/plugins/com.st.stm32cube.ide.mcu.externaltools.gnu-tools-for-stm32.9-2020-q2-update.win32_2.0.0.202105311346/tools/bin/../lib/gcc/arm-none-eabi/9.3.1/thumb/v7e-m+fp/hard/crti.o
                0x0000000008006f00                _init
 .init          0x0000000008006f04        0x8 c:/st/stm32cubeide_1.7.0/stm32cubeide/plugins/com.st.stm32cube.ide.mcu.externaltools.gnu-tools-for-stm32.9-2020-q2-update.win32_2.0.0.202105311346/tools/bin/../lib/gcc/arm-none-eabi/9.3.1/thumb/v7e-m+fp/hard/crtn.o
 *(.fini)
 .fini          0x0000000008006f0c        0x4 c:/st/stm32cubeide_1.7.0/stm32cubeide/plugins/com.st.stm32cube.ide.mcu.externaltools.gnu-tools-for-stm32.9-2020-q2-update.win32_2.0.0.202105311346/tools/bin/../lib/gcc/arm-none-eabi/9.3.1/thumb/v7e-m+fp/hard/crti.o
                0x0000000008006f0c                _fini
 .fini          0x0000000008006f10        0x8 c:/st/stm32cubeide_1.7.0/stm32cubeide/plugins/com.st.stm32cube.ide.mcu.externaltools.gnu-tools-for-stm32.9-2020-q2-update.win32_2.0.0.202105311346/tools/bin/../lib/gcc/arm-none-eabi/9.3.1/thumb/v7e-m+fp/hard/crtn.o
                0x0000000008006f18                . = ALIGN (0x4)
                0x0000000008006f18                _etext = .

.vfp11_veneer   0x0000000008006f18        0x0
 .vfp11_veneer  0x0000000008006f18        0x0 linker stubs

.v4_bx          0x0000000008006f18        0x0
 .v4_bx         0x0000000008006f18        0x0 linker stubs

.iplt           0x0000000008006f18        0x0
 .iplt          0x0000000008006f18        0x0 c:/st/stm32cubeide_1.7.0/stm32cubeide/plugins/com.st.stm32cube.ide.mcu.externaltools.gnu-tools-for-stm32.9-2020-q2-update.win32_2.0.0.202105311346/tools/bin/../lib/gcc/arm-none-eabi/9.3.1/thumb/v7e-m+fp/hard/crtbegin.o

.rodata         0x0000000008006f18     0x2fdc
                0x0000000008006f18                . = ALIGN (0x4)
 *(.rodata)
 .rodata        0x0000000008006f18       0x39 ./Core/Src/main.o
 *(.rodata*)
 *fill*         0x0000000008006f51        0x3 
 .rodata.ascii_1608
                0x0000000008006f54      0x5f0 ./Core/Src/lcd.o
                0x0000000008006f54                ascii_1608
 .rodata.ascii_2412
                0x0000000008007544     0x11d0 ./Core/Src/lcd.o
                0x0000000008007544                ascii_2412
 .rodata.ascii_3216
                0x0000000008008714     0x17c0 ./Core/Src/lcd.o
                0x0000000008008714                ascii_3216
 .rodata.AHBPrescTable
                0x0000000008009ed4       0x10 ./Core/Src/system_stm32f4xx.o
                0x0000000008009ed4                AHBPrescTable
 .rodata.APBPrescTable
                0x0000000008009ee4        0x8 ./Core/Src/system_stm32f4xx.o
                0x0000000008009ee4                APBPrescTable
 .rodata.flagBitshiftOffset.9221
                0x0000000008009eec        0x8 ./Drivers/STM32F4xx_HAL_Driver/Src/stm32f4xx_hal_dma.o
                0x0000000008009ef4                . = ALIGN (0x4)

.ARM.extab      0x0000000008009ef4        0x0
                0x0000000008009ef4                . = ALIGN (0x4)
 *(.ARM.extab* .gnu.linkonce.armextab.*)
                0x0000000008009ef4                . = ALIGN (0x4)

.ARM            0x0000000008009ef4        0x8
                0x0000000008009ef4                . = ALIGN (0x4)
                0x0000000008009ef4                __exidx_start = .
 *(.ARM.exidx*)
 .ARM.exidx     0x0000000008009ef4        0x8 c:/st/stm32cubeide_1.7.0/stm32cubeide/plugins/com.st.stm32cube.ide.mcu.externaltools.gnu-tools-for-stm32.9-2020-q2-update.win32_2.0.0.202105311346/tools/bin/../lib/gcc/arm-none-eabi/9.3.1/thumb/v7e-m+fp/hard\libgcc.a(_udivmoddi4.o)
                0x0000000008009efc                __exidx_end = .
                0x0000000008009efc                . = ALIGN (0x4)

.rel.dyn        0x0000000008009efc        0x0
 .rel.iplt      0x0000000008009efc        0x0 c:/st/stm32cubeide_1.7.0/stm32cubeide/plugins/com.st.stm32cube.ide.mcu.externaltools.gnu-tools-for-stm32.9-2020-q2-update.win32_2.0.0.202105311346/tools/bin/../lib/gcc/arm-none-eabi/9.3.1/thumb/v7e-m+fp/hard/crtbegin.o

.preinit_array  0x0000000008009efc        0x0
                0x0000000008009efc                . = ALIGN (0x4)
                0x0000000008009efc                PROVIDE (__preinit_array_start = .)
 *(.preinit_array*)
                0x0000000008009efc                PROVIDE (__preinit_array_end = .)
                0x0000000008009efc                . = ALIGN (0x4)

.init_array     0x0000000008009efc        0x4
                0x0000000008009efc                . = ALIGN (0x4)
                0x0000000008009efc                PROVIDE (__init_array_start = .)
 *(SORT_BY_NAME(.init_array.*))
 *(.init_array*)
 .init_array    0x0000000008009efc        0x4 c:/st/stm32cubeide_1.7.0/stm32cubeide/plugins/com.st.stm32cube.ide.mcu.externaltools.gnu-tools-for-stm32.9-2020-q2-update.win32_2.0.0.202105311346/tools/bin/../lib/gcc/arm-none-eabi/9.3.1/thumb/v7e-m+fp/hard/crtbegin.o
                0x0000000008009f00                PROVIDE (__init_array_end = .)
                0x0000000008009f00                . = ALIGN (0x4)

.fini_array     0x0000000008009f00        0x4
                0x0000000008009f00                . = ALIGN (0x4)
                [!provide]                        PROVIDE (__fini_array_start = .)
 *(SORT_BY_NAME(.fini_array.*))
 *(.fini_array*)
 .fini_array    0x0000000008009f00        0x4 c:/st/stm32cubeide_1.7.0/stm32cubeide/plugins/com.st.stm32cube.ide.mcu.externaltools.gnu-tools-for-stm32.9-2020-q2-update.win32_2.0.0.202105311346/tools/bin/../lib/gcc/arm-none-eabi/9.3.1/thumb/v7e-m+fp/hard/crtbegin.o
                [!provide]                        PROVIDE (__fini_array_end = .)
                0x0000000008009f04                . = ALIGN (0x4)
                0x0000000008009f04                _sidata = LOADADDR (.data)

.data           0x0000000020000000       0x1c load address 0x0000000008009f04
                0x0000000020000000                . = ALIGN (0x4)
                0x0000000020000000                _sdata = .
 *(.data)
 *(.data*)
 .data.led7seg  0x0000000020000000        0x4 ./Core/Src/led_7seg.o
                0x0000000020000000                led7seg
 .data.arrayOfNum
                0x0000000020000004        0xa ./Core/Src/led_7seg.o
                0x0000000020000004                arrayOfNum
 .data.spi_buffer
                0x000000002000000e        0x2 ./Core/Src/led_7seg.o
                0x000000002000000e                spi_buffer
 .data.SystemCoreClock
                0x0000000020000010        0x4 ./Core/Src/system_stm32f4xx.o
                0x0000000020000010                SystemCoreClock
 .data.uwTickPrio
                0x0000000020000014        0x4 ./Drivers/STM32F4xx_HAL_Driver/Src/stm32f4xx_hal.o
                0x0000000020000014                uwTickPrio
 .data.uwTickFreq
                0x0000000020000018        0x1 ./Drivers/STM32F4xx_HAL_Driver/Src/stm32f4xx_hal.o
                0x0000000020000018                uwTickFreq
 *(.RamFunc)
 *(.RamFunc*)
                0x000000002000001c                . = ALIGN (0x4)
 *fill*         0x0000000020000019        0x3 
                0x000000002000001c                _edata = .
                0x0000000008009f20                _siccmram = LOADADDR (.ccmram)

.igot.plt       0x000000002000001c        0x0 load address 0x0000000008009f20
 .igot.plt      0x000000002000001c        0x0 c:/st/stm32cubeide_1.7.0/stm32cubeide/plugins/com.st.stm32cube.ide.mcu.externaltools.gnu-tools-for-stm32.9-2020-q2-update.win32_2.0.0.202105311346/tools/bin/../lib/gcc/arm-none-eabi/9.3.1/thumb/v7e-m+fp/hard/crtbegin.o

.ccmram         0x0000000010000000        0x0 load address 0x0000000008009f20
                0x0000000010000000                . = ALIGN (0x4)
                0x0000000010000000                _sccmram = .
 *(.ccmram)
 *(.ccmram*)
                0x0000000010000000                . = ALIGN (0x4)
                0x0000000010000000                _eccmram = .
                0x0000000010000000                . = ALIGN (0x4)

.bss            0x000000002000001c      0x2c8
                0x000000002000001c                _sbss = .
                0x000000002000001c                __bss_start__ = _sbss
 *(.bss)
 .bss           0x000000002000001c       0x1c c:/st/stm32cubeide_1.7.0/stm32cubeide/plugins/com.st.stm32cube.ide.mcu.externaltools.gnu-tools-for-stm32.9-2020-q2-update.win32_2.0.0.202105311346/tools/bin/../lib/gcc/arm-none-eabi/9.3.1/thumb/v7e-m+fp/hard/crtbegin.o
 *(.bss*)
 .bss.duty_cycle
                0x0000000020000038        0x1 ./Core/Src/buzzer.o
                0x0000000020000038                duty_cycle
 *fill*         0x0000000020000039        0x3 
 .bss.FSMC_Initialized
                0x000000002000003c        0x4 ./Core/Src/fsmc.o
 .bss.led7_index
                0x0000000020000040        0x4 ./Core/Src/led_7seg.o
                0x0000000020000040                led7_index
 .bss.count_led_debug
                0x0000000020000044        0x1 ./Core/Src/main.o
                0x0000000020000044                count_led_debug
 .bss.count_adc
                0x0000000020000045        0x1 ./Core/Src/main.o
                0x0000000020000045                count_adc
 *fill*         0x0000000020000046        0x2 
 .bss.lastBuzzerToggle
                0x0000000020000048        0x4 ./Core/Src/main.o
                0x0000000020000048                lastBuzzerToggle
 .bss.buzzerState
                0x000000002000004c        0x1 ./Core/Src/main.o
                0x000000002000004c                buzzerState
 *fill*         0x000000002000004d        0x1 
 .bss.flag_timer2
                0x000000002000004e        0x2 ./Core/Src/software_timer.o
                0x000000002000004e                flag_timer2
 .bss.timer2_counter
                0x0000000020000050        0x2 ./Core/Src/software_timer.o
                0x0000000020000050                timer2_counter
 .bss.timer2_MUL
                0x0000000020000052        0x2 ./Core/Src/software_timer.o
                0x0000000020000052                timer2_MUL
 *(COMMON)
 COMMON         0x0000000020000054       0xa8 ./Core/Src/adc.o
                0x0000000020000054                hadc1
                0x000000002000009c                hdma_adc1
 COMMON         0x00000000200000fc        0xf ./Core/Src/ds3231.o
                0x00000000200000fc                ds3231_sec
                0x00000000200000fd                ds3231_year
                0x00000000200000fe                ds3231_min
                0x00000000200000ff                ds3231_date
                0x0000000020000100                ds3231_day
                0x0000000020000101                ds3231_hours
                0x0000000020000102                ds3231_month
                0x0000000020000104                ds3231_buffer
 *fill*         0x000000002000010b        0x1 
 COMMON         0x000000002000010c       0x50 ./Core/Src/fsmc.o
                0x000000002000010c                hsram1
 COMMON         0x000000002000015c       0x54 ./Core/Src/i2c.o
                0x000000002000015c                hi2c1
 COMMON         0x00000000200001b0       0x3a ./Core/Src/lcd.o
                0x00000000200001b0                lcddev
                0x00000000200001b8                s
 *fill*         0x00000000200001ea        0x2 
 COMMON         0x00000000200001ec        0xa ./Core/Src/sensor.o
                0x00000000200001ec                adc_receive
 *fill*         0x00000000200001f6        0x2 
 COMMON         0x00000000200001f8       0x58 ./Core/Src/spi.o
                0x00000000200001f8                hspi1
 COMMON         0x0000000020000250       0x90 ./Core/Src/tim.o
                0x0000000020000250                htim13
                0x0000000020000298                htim2
 COMMON         0x00000000200002e0        0x4 ./Drivers/STM32F4xx_HAL_Driver/Src/stm32f4xx_hal.o
                0x00000000200002e0                uwTick
                0x00000000200002e4                . = ALIGN (0x4)
                0x00000000200002e4                _ebss = .
                0x00000000200002e4                __bss_end__ = _ebss

._user_heap_stack
                0x00000000200002e4      0x604
                0x00000000200002e8                . = ALIGN (0x8)
 *fill*         0x00000000200002e4        0x4 
                [!provide]                        PROVIDE (end = .)
                0x00000000200002e8                PROVIDE (_end = .)
                0x00000000200004e8                . = (. + _Min_Heap_Size)
 *fill*         0x00000000200002e8      0x200 
                0x00000000200008e8                . = (. + _Min_Stack_Size)
 *fill*         0x00000000200004e8      0x400 
                0x00000000200008e8                . = ALIGN (0x8)

/DISCARD/
 libc.a(*)
 libm.a(*)
 libgcc.a(*)

.ARM.attributes
                0x0000000000000000       0x30
 *(.ARM.attributes)
 .ARM.attributes
                0x0000000000000000       0x1e c:/st/stm32cubeide_1.7.0/stm32cubeide/plugins/com.st.stm32cube.ide.mcu.externaltools.gnu-tools-for-stm32.9-2020-q2-update.win32_2.0.0.202105311346/tools/bin/../lib/gcc/arm-none-eabi/9.3.1/thumb/v7e-m+fp/hard/crti.o
 .ARM.attributes
                0x000000000000001e       0x34 c:/st/stm32cubeide_1.7.0/stm32cubeide/plugins/com.st.stm32cube.ide.mcu.externaltools.gnu-tools-for-stm32.9-2020-q2-update.win32_2.0.0.202105311346/tools/bin/../lib/gcc/arm-none-eabi/9.3.1/thumb/v7e-m+fp/hard/crtbegin.o
 .ARM.attributes
                0x0000000000000052       0x34 ./Core/Src/adc.o
 .ARM.attributes
                0x0000000000000086       0x34 ./Core/Src/buzzer.o
 .ARM.attributes
                0x00000000000000ba       0x34 ./Core/Src/dma.o
 .ARM.attributes
                0x00000000000000ee       0x34 ./Core/Src/ds3231.o
 .ARM.attributes
                0x0000000000000122       0x34 ./Core/Src/fsmc.o
 .ARM.attributes
                0x0000000000000156       0x34 ./Core/Src/gpio.o
 .ARM.attributes
                0x000000000000018a       0x34 ./Core/Src/i2c.o
 .ARM.attributes
                0x00000000000001be       0x34 ./Core/Src/lcd.o
 .ARM.attributes
                0x00000000000001f2       0x34 ./Core/Src/led_7seg.o
 .ARM.attributes
                0x0000000000000226       0x34 ./Core/Src/main.o
 .ARM.attributes
                0x000000000000025a       0x34 ./Core/Src/sensor.o
 .ARM.attributes
                0x000000000000028e       0x34 ./Core/Src/software_timer.o
 .ARM.attributes
                0x00000000000002c2       0x34 ./Core/Src/spi.o
 .ARM.attributes
                0x00000000000002f6       0x34 ./Core/Src/stm32f4xx_hal_msp.o
 .ARM.attributes
                0x000000000000032a       0x34 ./Core/Src/stm32f4xx_it.o
 .ARM.attributes
                0x000000000000035e       0x34 ./Core/Src/system_stm32f4xx.o
 .ARM.attributes
                0x0000000000000392       0x34 ./Core/Src/tim.o
 .ARM.attributes
                0x00000000000003c6       0x34 ./Core/Src/utils.o
 .ARM.attributes
                0x00000000000003fa       0x21 ./Core/Startup/startup_stm32f407zetx.o
 .ARM.attributes
                0x000000000000041b       0x34 ./Drivers/STM32F4xx_HAL_Driver/Src/stm32f4xx_hal.o
 .ARM.attributes
                0x000000000000044f       0x34 ./Drivers/STM32F4xx_HAL_Driver/Src/stm32f4xx_hal_adc.o
 .ARM.attributes
                0x0000000000000483       0x34 ./Drivers/STM32F4xx_HAL_Driver/Src/stm32f4xx_hal_cortex.o
 .ARM.attributes
                0x00000000000004b7       0x34 ./Drivers/STM32F4xx_HAL_Driver/Src/stm32f4xx_hal_dma.o
 .ARM.attributes
                0x00000000000004eb       0x34 ./Drivers/STM32F4xx_HAL_Driver/Src/stm32f4xx_hal_gpio.o
 .ARM.attributes
                0x000000000000051f       0x34 ./Drivers/STM32F4xx_HAL_Driver/Src/stm32f4xx_hal_i2c.o
 .ARM.attributes
                0x0000000000000553       0x34 ./Drivers/STM32F4xx_HAL_Driver/Src/stm32f4xx_hal_rcc.o
 .ARM.attributes
                0x0000000000000587       0x34 ./Drivers/STM32F4xx_HAL_Driver/Src/stm32f4xx_hal_spi.o
 .ARM.attributes
                0x00000000000005bb       0x34 ./Drivers/STM32F4xx_HAL_Driver/Src/stm32f4xx_hal_sram.o
 .ARM.attributes
                0x00000000000005ef       0x34 ./Drivers/STM32F4xx_HAL_Driver/Src/stm32f4xx_hal_tim.o
 .ARM.attributes
                0x0000000000000623       0x34 ./Drivers/STM32F4xx_HAL_Driver/Src/stm32f4xx_hal_tim_ex.o
 .ARM.attributes
                0x0000000000000657       0x34 ./Drivers/STM32F4xx_HAL_Driver/Src/stm32f4xx_ll_fsmc.o
 .ARM.attributes
                0x000000000000068b       0x34 c:/st/stm32cubeide_1.7.0/stm32cubeide/plugins/com.st.stm32cube.ide.mcu.externaltools.gnu-tools-for-stm32.9-2020-q2-update.win32_2.0.0.202105311346/tools/bin/../lib/gcc/arm-none-eabi/9.3.1/../../../../arm-none-eabi/lib/thumb/v7e-m+fp/hard\libc_nano.a(lib_a-init.o)
 .ARM.attributes
                0x00000000000006bf       0x34 c:/st/stm32cubeide_1.7.0/stm32cubeide/plugins/com.st.stm32cube.ide.mcu.externaltools.gnu-tools-for-stm32.9-2020-q2-update.win32_2.0.0.202105311346/tools/bin/../lib/gcc/arm-none-eabi/9.3.1/../../../../arm-none-eabi/lib/thumb/v7e-m+fp/hard\libc_nano.a(lib_a-memset.o)
 .ARM.attributes
                0x00000000000006f3       0x1e c:/st/stm32cubeide_1.7.0/stm32cubeide/plugins/com.st.stm32cube.ide.mcu.externaltools.gnu-tools-for-stm32.9-2020-q2-update.win32_2.0.0.202105311346/tools/bin/../lib/gcc/arm-none-eabi/9.3.1/thumb/v7e-m+fp/hard\libgcc.a(_arm_addsubdf3.o)
 .ARM.attributes
                0x0000000000000711       0x1e c:/st/stm32cubeide_1.7.0/stm32cubeide/plugins/com.st.stm32cube.ide.mcu.externaltools.gnu-tools-for-stm32.9-2020-q2-update.win32_2.0.0.202105311346/tools/bin/../lib/gcc/arm-none-eabi/9.3.1/thumb/v7e-m+fp/hard\libgcc.a(_arm_muldivdf3.o)
 .ARM.attributes
                0x000000000000072f       0x1e c:/st/stm32cubeide_1.7.0/stm32cubeide/plugins/com.st.stm32cube.ide.mcu.externaltools.gnu-tools-for-stm32.9-2020-q2-update.win32_2.0.0.202105311346/tools/bin/../lib/gcc/arm-none-eabi/9.3.1/thumb/v7e-m+fp/hard\libgcc.a(_arm_truncdfsf2.o)
 .ARM.attributes
                0x000000000000074d       0x1e c:/st/stm32cubeide_1.7.0/stm32cubeide/plugins/com.st.stm32cube.ide.mcu.externaltools.gnu-tools-for-stm32.9-2020-q2-update.win32_2.0.0.202105311346/tools/bin/../lib/gcc/arm-none-eabi/9.3.1/thumb/v7e-m+fp/hard\libgcc.a(_aeabi_uldivmod.o)
 .ARM.attributes
                0x000000000000076b       0x34 c:/st/stm32cubeide_1.7.0/stm32cubeide/plugins/com.st.stm32cube.ide.mcu.externaltools.gnu-tools-for-stm32.9-2020-q2-update.win32_2.0.0.202105311346/tools/bin/../lib/gcc/arm-none-eabi/9.3.1/thumb/v7e-m+fp/hard\libgcc.a(_udivmoddi4.o)
 .ARM.attributes
                0x000000000000079f       0x1e c:/st/stm32cubeide_1.7.0/stm32cubeide/plugins/com.st.stm32cube.ide.mcu.externaltools.gnu-tools-for-stm32.9-2020-q2-update.win32_2.0.0.202105311346/tools/bin/../lib/gcc/arm-none-eabi/9.3.1/thumb/v7e-m+fp/hard\libgcc.a(_dvmd_tls.o)
 .ARM.attributes
                0x00000000000007bd       0x1e c:/st/stm32cubeide_1.7.0/stm32cubeide/plugins/com.st.stm32cube.ide.mcu.externaltools.gnu-tools-for-stm32.9-2020-q2-update.win32_2.0.0.202105311346/tools/bin/../lib/gcc/arm-none-eabi/9.3.1/thumb/v7e-m+fp/hard/crtn.o
OUTPUT(Bai6_ADC_PWM.elf elf32-littlearm)
LOAD linker stubs
LOAD c:/st/stm32cubeide_1.7.0/stm32cubeide/plugins/com.st.stm32cube.ide.mcu.externaltools.gnu-tools-for-stm32.9-2020-q2-update.win32_2.0.0.202105311346/tools/bin/../lib/gcc/arm-none-eabi/9.3.1/../../../../arm-none-eabi/lib/thumb/v7e-m+fp/hard\libc.a
LOAD c:/st/stm32cubeide_1.7.0/stm32cubeide/plugins/com.st.stm32cube.ide.mcu.externaltools.gnu-tools-for-stm32.9-2020-q2-update.win32_2.0.0.202105311346/tools/bin/../lib/gcc/arm-none-eabi/9.3.1/../../../../arm-none-eabi/lib/thumb/v7e-m+fp/hard\libm.a
LOAD c:/st/stm32cubeide_1.7.0/stm32cubeide/plugins/com.st.stm32cube.ide.mcu.externaltools.gnu-tools-for-stm32.9-2020-q2-update.win32_2.0.0.202105311346/tools/bin/../lib/gcc/arm-none-eabi/9.3.1/thumb/v7e-m+fp/hard\libgcc.a

.debug_info     0x0000000000000000    0x19218
 .debug_info    0x0000000000000000      0xabd ./Core/Src/adc.o
 .debug_info    0x0000000000000abd      0x7a3 ./Core/Src/buzzer.o
 .debug_info    0x0000000000001260      0x59c ./Core/Src/dma.o
 .debug_info    0x00000000000017fc      0xb0c ./Core/Src/ds3231.o
 .debug_info    0x0000000000002308      0xa96 ./Core/Src/fsmc.o
 .debug_info    0x0000000000002d9e      0x586 ./Core/Src/gpio.o
 .debug_info    0x0000000000003324      0xa7d ./Core/Src/i2c.o
 .debug_info    0x0000000000003da1     0x1759 ./Core/Src/lcd.o
 .debug_info    0x00000000000054fa      0x89c ./Core/Src/led_7seg.o
 .debug_info    0x0000000000005d96     0x20a0 ./Core/Src/main.o
 .debug_info    0x0000000000007e36      0x770 ./Core/Src/sensor.o
 .debug_info    0x00000000000085a6      0x82a ./Core/Src/software_timer.o
 .debug_info    0x0000000000008dd0      0xa5a ./Core/Src/spi.o
 .debug_info    0x000000000000982a      0x394 ./Core/Src/stm32f4xx_hal_msp.o
 .debug_info    0x0000000000009bbe      0x81f ./Core/Src/stm32f4xx_it.o
 .debug_info    0x000000000000a3dd      0x5a4 ./Core/Src/system_stm32f4xx.o
 .debug_info    0x000000000000a981      0xebe ./Core/Src/tim.o
 .debug_info    0x000000000000b83f       0xd8 ./Core/Src/utils.o
 .debug_info    0x000000000000b917       0x22 ./Core/Startup/startup_stm32f407zetx.o
 .debug_info    0x000000000000b939      0x9b2 ./Drivers/STM32F4xx_HAL_Driver/Src/stm32f4xx_hal.o
 .debug_info    0x000000000000c2eb      0xdbc ./Drivers/STM32F4xx_HAL_Driver/Src/stm32f4xx_hal_adc.o
 .debug_info    0x000000000000d0a7      0xed7 ./Drivers/STM32F4xx_HAL_Driver/Src/stm32f4xx_hal_cortex.o
 .debug_info    0x000000000000df7e      0x9f1 ./Drivers/STM32F4xx_HAL_Driver/Src/stm32f4xx_hal_dma.o
 .debug_info    0x000000000000e96f      0x83e ./Drivers/STM32F4xx_HAL_Driver/Src/stm32f4xx_hal_gpio.o
 .debug_info    0x000000000000f1ad     0x264d ./Drivers/STM32F4xx_HAL_Driver/Src/stm32f4xx_hal_i2c.o
 .debug_info    0x00000000000117fa      0x996 ./Drivers/STM32F4xx_HAL_Driver/Src/stm32f4xx_hal_rcc.o
 .debug_info    0x0000000000012190     0x17c0 ./Drivers/STM32F4xx_HAL_Driver/Src/stm32f4xx_hal_spi.o
 .debug_info    0x0000000000013950      0xbab ./Drivers/STM32F4xx_HAL_Driver/Src/stm32f4xx_hal_sram.o
 .debug_info    0x00000000000144fb     0x2c22 ./Drivers/STM32F4xx_HAL_Driver/Src/stm32f4xx_hal_tim.o
 .debug_info    0x000000000001711d     0x15a2 ./Drivers/STM32F4xx_HAL_Driver/Src/stm32f4xx_hal_tim_ex.o
 .debug_info    0x00000000000186bf      0xb59 ./Drivers/STM32F4xx_HAL_Driver/Src/stm32f4xx_ll_fsmc.o

.debug_abbrev   0x0000000000000000     0x3a46
 .debug_abbrev  0x0000000000000000      0x1ce ./Core/Src/adc.o
 .debug_abbrev  0x00000000000001ce      0x19a ./Core/Src/buzzer.o
 .debug_abbrev  0x0000000000000368      0x11b ./Core/Src/dma.o
 .debug_abbrev  0x0000000000000483      0x1b8 ./Core/Src/ds3231.o
 .debug_abbrev  0x000000000000063b      0x1e2 ./Core/Src/fsmc.o
 .debug_abbrev  0x000000000000081d      0x14e ./Core/Src/gpio.o
 .debug_abbrev  0x000000000000096b      0x1bb ./Core/Src/i2c.o
 .debug_abbrev  0x0000000000000b26      0x3aa ./Core/Src/lcd.o
 .debug_abbrev  0x0000000000000ed0      0x1a9 ./Core/Src/led_7seg.o
 .debug_abbrev  0x0000000000001079      0x2da ./Core/Src/main.o
 .debug_abbrev  0x0000000000001353      0x19f ./Core/Src/sensor.o
 .debug_abbrev  0x00000000000014f2      0x1e4 ./Core/Src/software_timer.o
 .debug_abbrev  0x00000000000016d6      0x1bb ./Core/Src/spi.o
 .debug_abbrev  0x0000000000001891      0x11d ./Core/Src/stm32f4xx_hal_msp.o
 .debug_abbrev  0x00000000000019ae      0x176 ./Core/Src/stm32f4xx_it.o
 .debug_abbrev  0x0000000000001b24      0x145 ./Core/Src/system_stm32f4xx.o
 .debug_abbrev  0x0000000000001c69      0x1d7 ./Core/Src/tim.o
 .debug_abbrev  0x0000000000001e40       0x87 ./Core/Src/utils.o
 .debug_abbrev  0x0000000000001ec7       0x12 ./Core/Startup/startup_stm32f407zetx.o
 .debug_abbrev  0x0000000000001ed9      0x1ed ./Drivers/STM32F4xx_HAL_Driver/Src/stm32f4xx_hal.o
 .debug_abbrev  0x00000000000020c6      0x22f ./Drivers/STM32F4xx_HAL_Driver/Src/stm32f4xx_hal_adc.o
 .debug_abbrev  0x00000000000022f5      0x33c ./Drivers/STM32F4xx_HAL_Driver/Src/stm32f4xx_hal_cortex.o
 .debug_abbrev  0x0000000000002631      0x259 ./Drivers/STM32F4xx_HAL_Driver/Src/stm32f4xx_hal_dma.o
 .debug_abbrev  0x000000000000288a      0x1f1 ./Drivers/STM32F4xx_HAL_Driver/Src/stm32f4xx_hal_gpio.o
 .debug_abbrev  0x0000000000002a7b      0x282 ./Drivers/STM32F4xx_HAL_Driver/Src/stm32f4xx_hal_i2c.o
 .debug_abbrev  0x0000000000002cfd      0x275 ./Drivers/STM32F4xx_HAL_Driver/Src/stm32f4xx_hal_rcc.o
 .debug_abbrev  0x0000000000002f72      0x26e ./Drivers/STM32F4xx_HAL_Driver/Src/stm32f4xx_hal_spi.o
 .debug_abbrev  0x00000000000031e0      0x1f4 ./Drivers/STM32F4xx_HAL_Driver/Src/stm32f4xx_hal_sram.o
 .debug_abbrev  0x00000000000033d4      0x25e ./Drivers/STM32F4xx_HAL_Driver/Src/stm32f4xx_hal_tim.o
 .debug_abbrev  0x0000000000003632      0x266 ./Drivers/STM32F4xx_HAL_Driver/Src/stm32f4xx_hal_tim_ex.o
 .debug_abbrev  0x0000000000003898      0x1ae ./Drivers/STM32F4xx_HAL_Driver/Src/stm32f4xx_ll_fsmc.o

.debug_aranges  0x0000000000000000     0x1430
 .debug_aranges
                0x0000000000000000       0x30 ./Core/Src/adc.o
 .debug_aranges
                0x0000000000000030       0x28 ./Core/Src/buzzer.o
 .debug_aranges
                0x0000000000000058       0x20 ./Core/Src/dma.o
 .debug_aranges
                0x0000000000000078       0x48 ./Core/Src/ds3231.o
 .debug_aranges
                0x00000000000000c0       0x40 ./Core/Src/fsmc.o
 .debug_aranges
                0x0000000000000100       0x20 ./Core/Src/gpio.o
 .debug_aranges
                0x0000000000000120       0x30 ./Core/Src/i2c.o
 .debug_aranges
                0x0000000000000150       0xd8 ./Core/Src/lcd.o
 .debug_aranges
                0x0000000000000228       0x48 ./Core/Src/led_7seg.o
 .debug_aranges
                0x0000000000000270       0x68 ./Core/Src/main.o
 .debug_aranges
                0x00000000000002d8       0x60 ./Core/Src/sensor.o
 .debug_aranges
                0x0000000000000338       0x30 ./Core/Src/software_timer.o
 .debug_aranges
                0x0000000000000368       0x30 ./Core/Src/spi.o
 .debug_aranges
                0x0000000000000398       0x20 ./Core/Src/stm32f4xx_hal_msp.o
 .debug_aranges
                0x00000000000003b8       0x70 ./Core/Src/stm32f4xx_it.o
 .debug_aranges
                0x0000000000000428       0x28 ./Core/Src/system_stm32f4xx.o
 .debug_aranges
                0x0000000000000450       0x40 ./Core/Src/tim.o
 .debug_aranges
                0x0000000000000490       0x28 ./Core/Src/utils.o
 .debug_aranges
                0x00000000000004b8       0x28 ./Core/Startup/startup_stm32f407zetx.o
 .debug_aranges
                0x00000000000004e0       0xf0 ./Drivers/STM32F4xx_HAL_Driver/Src/stm32f4xx_hal.o
 .debug_aranges
                0x00000000000005d0       0xe8 ./Drivers/STM32F4xx_HAL_Driver/Src/stm32f4xx_hal_adc.o
 .debug_aranges
                0x00000000000006b8      0x118 ./Drivers/STM32F4xx_HAL_Driver/Src/stm32f4xx_hal_cortex.o
 .debug_aranges
                0x00000000000007d0       0x90 ./Drivers/STM32F4xx_HAL_Driver/Src/stm32f4xx_hal_dma.o
 .debug_aranges
                0x0000000000000860       0x58 ./Drivers/STM32F4xx_HAL_Driver/Src/stm32f4xx_hal_gpio.o
 .debug_aranges
                0x00000000000008b8      0x2a0 ./Drivers/STM32F4xx_HAL_Driver/Src/stm32f4xx_hal_i2c.o
 .debug_aranges
                0x0000000000000b58       0x88 ./Drivers/STM32F4xx_HAL_Driver/Src/stm32f4xx_hal_rcc.o
 .debug_aranges
                0x0000000000000be0      0x1d0 ./Drivers/STM32F4xx_HAL_Driver/Src/stm32f4xx_hal_spi.o
 .debug_aranges
                0x0000000000000db0       0xa0 ./Drivers/STM32F4xx_HAL_Driver/Src/stm32f4xx_hal_sram.o
 .debug_aranges
                0x0000000000000e50      0x3d0 ./Drivers/STM32F4xx_HAL_Driver/Src/stm32f4xx_hal_tim.o
 .debug_aranges
                0x0000000000001220      0x168 ./Drivers/STM32F4xx_HAL_Driver/Src/stm32f4xx_hal_tim_ex.o
 .debug_aranges
                0x0000000000001388       0xa8 ./Drivers/STM32F4xx_HAL_Driver/Src/stm32f4xx_ll_fsmc.o

.debug_ranges   0x0000000000000000     0x1288
 .debug_ranges  0x0000000000000000       0x20 ./Core/Src/adc.o
 .debug_ranges  0x0000000000000020       0x18 ./Core/Src/buzzer.o
 .debug_ranges  0x0000000000000038       0x10 ./Core/Src/dma.o
 .debug_ranges  0x0000000000000048       0x38 ./Core/Src/ds3231.o
 .debug_ranges  0x0000000000000080       0x30 ./Core/Src/fsmc.o
 .debug_ranges  0x00000000000000b0       0x10 ./Core/Src/gpio.o
 .debug_ranges  0x00000000000000c0       0x20 ./Core/Src/i2c.o
 .debug_ranges  0x00000000000000e0       0xc8 ./Core/Src/lcd.o
 .debug_ranges  0x00000000000001a8       0x38 ./Core/Src/led_7seg.o
 .debug_ranges  0x00000000000001e0       0x70 ./Core/Src/main.o
 .debug_ranges  0x0000000000000250       0x50 ./Core/Src/sensor.o
 .debug_ranges  0x00000000000002a0       0x20 ./Core/Src/software_timer.o
 .debug_ranges  0x00000000000002c0       0x20 ./Core/Src/spi.o
 .debug_ranges  0x00000000000002e0       0x10 ./Core/Src/stm32f4xx_hal_msp.o
 .debug_ranges  0x00000000000002f0       0x60 ./Core/Src/stm32f4xx_it.o
 .debug_ranges  0x0000000000000350       0x18 ./Core/Src/system_stm32f4xx.o
 .debug_ranges  0x0000000000000368       0x30 ./Core/Src/tim.o
 .debug_ranges  0x0000000000000398       0x18 ./Core/Src/utils.o
 .debug_ranges  0x00000000000003b0       0x20 ./Core/Startup/startup_stm32f407zetx.o
 .debug_ranges  0x00000000000003d0       0xe0 ./Drivers/STM32F4xx_HAL_Driver/Src/stm32f4xx_hal.o
 .debug_ranges  0x00000000000004b0       0xd8 ./Drivers/STM32F4xx_HAL_Driver/Src/stm32f4xx_hal_adc.o
 .debug_ranges  0x0000000000000588      0x108 ./Drivers/STM32F4xx_HAL_Driver/Src/stm32f4xx_hal_cortex.o
 .debug_ranges  0x0000000000000690       0x80 ./Drivers/STM32F4xx_HAL_Driver/Src/stm32f4xx_hal_dma.o
 .debug_ranges  0x0000000000000710       0x48 ./Drivers/STM32F4xx_HAL_Driver/Src/stm32f4xx_hal_gpio.o
 .debug_ranges  0x0000000000000758      0x2b8 ./Drivers/STM32F4xx_HAL_Driver/Src/stm32f4xx_hal_i2c.o
 .debug_ranges  0x0000000000000a10       0x78 ./Drivers/STM32F4xx_HAL_Driver/Src/stm32f4xx_hal_rcc.o
 .debug_ranges  0x0000000000000a88      0x1c0 ./Drivers/STM32F4xx_HAL_Driver/Src/stm32f4xx_hal_spi.o
 .debug_ranges  0x0000000000000c48       0x90 ./Drivers/STM32F4xx_HAL_Driver/Src/stm32f4xx_hal_sram.o
 .debug_ranges  0x0000000000000cd8      0x3c0 ./Drivers/STM32F4xx_HAL_Driver/Src/stm32f4xx_hal_tim.o
 .debug_ranges  0x0000000000001098      0x158 ./Drivers/STM32F4xx_HAL_Driver/Src/stm32f4xx_hal_tim_ex.o
 .debug_ranges  0x00000000000011f0       0x98 ./Drivers/STM32F4xx_HAL_Driver/Src/stm32f4xx_ll_fsmc.o

.debug_macro    0x0000000000000000    0x2515c
 .debug_macro   0x0000000000000000      0x244 ./Core/Src/adc.o
 .debug_macro   0x0000000000000244      0xaa8 ./Core/Src/adc.o
 .debug_macro   0x0000000000000cec      0x2ad ./Core/Src/adc.o
 .debug_macro   0x0000000000000f99       0x2e ./Core/Src/adc.o
 .debug_macro   0x0000000000000fc7       0x2f ./Core/Src/adc.o
 .debug_macro   0x0000000000000ff6       0x22 ./Core/Src/adc.o
 .debug_macro   0x0000000000001018       0x8e ./Core/Src/adc.o
 .debug_macro   0x00000000000010a6       0x51 ./Core/Src/adc.o
 .debug_macro   0x00000000000010f7      0x103 ./Core/Src/adc.o
 .debug_macro   0x00000000000011fa       0x6a ./Core/Src/adc.o
 .debug_macro   0x0000000000001264      0x1df ./Core/Src/adc.o
 .debug_macro   0x0000000000001443       0x1c ./Core/Src/adc.o
 .debug_macro   0x000000000000145f       0x22 ./Core/Src/adc.o
 .debug_macro   0x0000000000001481       0xdf ./Core/Src/adc.o
 .debug_macro   0x0000000000001560     0x102d ./Core/Src/adc.o
 .debug_macro   0x000000000000258d      0x11f ./Core/Src/adc.o
 .debug_macro   0x00000000000026ac    0x15e58 ./Core/Src/adc.o
 .debug_macro   0x0000000000018504       0x6d ./Core/Src/adc.o
 .debug_macro   0x0000000000018571     0x3666 ./Core/Src/adc.o
 .debug_macro   0x000000000001bbd7      0x174 ./Core/Src/adc.o
 .debug_macro   0x000000000001bd4b       0x5c ./Core/Src/adc.o
 .debug_macro   0x000000000001bda7      0x96b ./Core/Src/adc.o
 .debug_macro   0x000000000001c712      0x9fe ./Core/Src/adc.o
 .debug_macro   0x000000000001d110      0x116 ./Core/Src/adc.o
 .debug_macro   0x000000000001d226      0x13e ./Core/Src/adc.o
 .debug_macro   0x000000000001d364       0xa5 ./Core/Src/adc.o
 .debug_macro   0x000000000001d409      0x174 ./Core/Src/adc.o
 .debug_macro   0x000000000001d57d      0x287 ./Core/Src/adc.o
 .debug_macro   0x000000000001d804       0x5f ./Core/Src/adc.o
 .debug_macro   0x000000000001d863      0x236 ./Core/Src/adc.o
 .debug_macro   0x000000000001da99      0xb5b ./Core/Src/adc.o
 .debug_macro   0x000000000001e5f4      0x38b ./Core/Src/adc.o
 .debug_macro   0x000000000001e97f      0x176 ./Core/Src/adc.o
 .debug_macro   0x000000000001eaf5       0xf9 ./Core/Src/adc.o
 .debug_macro   0x000000000001ebee      0x12c ./Core/Src/adc.o
 .debug_macro   0x000000000001ed1a      0x21e ./Core/Src/adc.o
 .debug_macro   0x000000000001ef38       0x2e ./Core/Src/adc.o
 .debug_macro   0x000000000001ef66      0x543 ./Core/Src/adc.o
 .debug_macro   0x000000000001f4a9      0x1b5 ./Core/Src/adc.o
 .debug_macro   0x000000000001f65e       0xd6 ./Core/Src/adc.o
 .debug_macro   0x000000000001f734      0x11a ./Core/Src/adc.o
 .debug_macro   0x000000000001f84e       0x7e ./Core/Src/adc.o
 .debug_macro   0x000000000001f8cc       0x89 ./Core/Src/adc.o
 .debug_macro   0x000000000001f955      0x225 ./Core/Src/adc.o
 .debug_macro   0x000000000001fb7a      0x8d1 ./Core/Src/adc.o
 .debug_macro   0x000000000002044b       0x47 ./Core/Src/adc.o
 .debug_macro   0x0000000000020492      0x12d ./Core/Src/adc.o
 .debug_macro   0x00000000000205bf       0x88 ./Core/Src/adc.o
 .debug_macro   0x0000000000020647      0x24e ./Core/Src/buzzer.o
 .debug_macro   0x0000000000020895      0x244 ./Core/Src/dma.o
 .debug_macro   0x0000000000020ad9      0x277 ./Core/Src/ds3231.o
 .debug_macro   0x0000000000020d50       0x2e ./Core/Src/ds3231.o
 .debug_macro   0x0000000000020d7e      0x244 ./Core/Src/fsmc.o
 .debug_macro   0x0000000000020fc2      0x244 ./Core/Src/gpio.o
 .debug_macro   0x0000000000021206      0x244 ./Core/Src/i2c.o
 .debug_macro   0x000000000002144a      0x359 ./Core/Src/lcd.o
 .debug_macro   0x00000000000217a3       0x18 ./Core/Src/lcd.o
 .debug_macro   0x00000000000217bb       0x52 ./Core/Src/lcd.o
 .debug_macro   0x000000000002180d       0x3c ./Core/Src/lcd.o
 .debug_macro   0x0000000000021849       0x34 ./Core/Src/lcd.o
 .debug_macro   0x000000000002187d       0x16 ./Core/Src/lcd.o
 .debug_macro   0x0000000000021893       0x35 ./Core/Src/lcd.o
 .debug_macro   0x00000000000218c8       0x16 ./Core/Src/lcd.o
 .debug_macro   0x00000000000218de       0x43 ./Core/Src/lcd.o
 .debug_macro   0x0000000000021921       0x34 ./Core/Src/lcd.o
 .debug_macro   0x0000000000021955       0x10 ./Core/Src/lcd.o
 .debug_macro   0x0000000000021965       0x58 ./Core/Src/lcd.o
 .debug_macro   0x00000000000219bd       0x71 ./Core/Src/lcd.o
 .debug_macro   0x0000000000021a2e       0x1c ./Core/Src/lcd.o
 .debug_macro   0x0000000000021a4a      0x12a ./Core/Src/lcd.o
 .debug_macro   0x0000000000021b74      0x333 ./Core/Src/lcd.o
 .debug_macro   0x0000000000021ea7       0x16 ./Core/Src/lcd.o
 .debug_macro   0x0000000000021ebd       0x29 ./Core/Src/lcd.o
 .debug_macro   0x0000000000021ee6       0x16 ./Core/Src/lcd.o
 .debug_macro   0x0000000000021efc       0x20 ./Core/Src/lcd.o
 .debug_macro   0x0000000000021f1c       0xca ./Core/Src/lcd.o
 .debug_macro   0x0000000000021fe6      0x24e ./Core/Src/led_7seg.o
 .debug_macro   0x0000000000022234      0x3fc ./Core/Src/main.o
 .debug_macro   0x0000000000022630      0x24e ./Core/Src/sensor.o
 .debug_macro   0x000000000002287e      0x254 ./Core/Src/software_timer.o
 .debug_macro   0x0000000000022ad2      0x244 ./Core/Src/spi.o
 .debug_macro   0x0000000000022d16      0x23a ./Core/Src/stm32f4xx_hal_msp.o
 .debug_macro   0x0000000000022f50      0x244 ./Core/Src/stm32f4xx_it.o
 .debug_macro   0x0000000000023194      0x22b ./Core/Src/system_stm32f4xx.o
 .debug_macro   0x00000000000233bf      0x244 ./Core/Src/tim.o
 .debug_macro   0x0000000000023603       0x6d ./Core/Src/utils.o
 .debug_macro   0x0000000000023670      0x28b ./Drivers/STM32F4xx_HAL_Driver/Src/stm32f4xx_hal.o
 .debug_macro   0x00000000000238fb      0x22c ./Drivers/STM32F4xx_HAL_Driver/Src/stm32f4xx_hal_adc.o
 .debug_macro   0x0000000000023b27      0x22b ./Drivers/STM32F4xx_HAL_Driver/Src/stm32f4xx_hal_cortex.o
 .debug_macro   0x0000000000023d52      0x231 ./Drivers/STM32F4xx_HAL_Driver/Src/stm32f4xx_hal_dma.o
 .debug_macro   0x0000000000023f83      0x231 ./Drivers/STM32F4xx_HAL_Driver/Src/stm32f4xx_hal_gpio.o
 .debug_macro   0x00000000000241b4      0x272 ./Drivers/STM32F4xx_HAL_Driver/Src/stm32f4xx_hal_i2c.o
 .debug_macro   0x0000000000024426      0x24f ./Drivers/STM32F4xx_HAL_Driver/Src/stm32f4xx_hal_rcc.o
 .debug_macro   0x0000000000024675      0x23a ./Drivers/STM32F4xx_HAL_Driver/Src/stm32f4xx_hal_spi.o
 .debug_macro   0x00000000000248af      0x22b ./Drivers/STM32F4xx_HAL_Driver/Src/stm32f4xx_hal_sram.o
 .debug_macro   0x0000000000024ada      0x22c ./Drivers/STM32F4xx_HAL_Driver/Src/stm32f4xx_hal_tim.o
 .debug_macro   0x0000000000024d06      0x22b ./Drivers/STM32F4xx_HAL_Driver/Src/stm32f4xx_hal_tim_ex.o
 .debug_macro   0x0000000000024f31      0x22b ./Drivers/STM32F4xx_HAL_Driver/Src/stm32f4xx_ll_fsmc.o

.debug_line     0x0000000000000000    0x1ac22
 .debug_line    0x0000000000000000      0x85c ./Core/Src/adc.o
 .debug_line    0x000000000000085c      0x78f ./Core/Src/buzzer.o
 .debug_line    0x0000000000000feb      0x768 ./Core/Src/dma.o
 .debug_line    0x0000000000001753      0x866 ./Core/Src/ds3231.o
 .debug_line    0x0000000000001fb9      0x86d ./Core/Src/fsmc.o
 .debug_line    0x0000000000002826      0x7cc ./Core/Src/gpio.o
 .debug_line    0x0000000000002ff2      0x7d6 ./Core/Src/i2c.o
 .debug_line    0x00000000000037c8      0xffa ./Core/Src/lcd.o
 .debug_line    0x00000000000047c2      0x865 ./Core/Src/led_7seg.o
 .debug_line    0x0000000000005027      0xb68 ./Core/Src/main.o
 .debug_line    0x0000000000005b8f      0x866 ./Core/Src/sensor.o
 .debug_line    0x00000000000063f5      0x7d4 ./Core/Src/software_timer.o
 .debug_line    0x0000000000006bc9      0x7de ./Core/Src/spi.o
 .debug_line    0x00000000000073a7      0x76d ./Core/Src/stm32f4xx_hal_msp.o
 .debug_line    0x0000000000007b14      0x85f ./Core/Src/stm32f4xx_it.o
 .debug_line    0x0000000000008373      0x7ee ./Core/Src/system_stm32f4xx.o
 .debug_line    0x0000000000008b61      0x87b ./Core/Src/tim.o
 .debug_line    0x00000000000093dc      0x3c2 ./Core/Src/utils.o
 .debug_line    0x000000000000979e       0x88 ./Core/Startup/startup_stm32f407zetx.o
 .debug_line    0x0000000000009826      0xa54 ./Drivers/STM32F4xx_HAL_Driver/Src/stm32f4xx_hal.o
 .debug_line    0x000000000000a27a     0x12de ./Drivers/STM32F4xx_HAL_Driver/Src/stm32f4xx_hal_adc.o
 .debug_line    0x000000000000b558      0xd03 ./Drivers/STM32F4xx_HAL_Driver/Src/stm32f4xx_hal_cortex.o
 .debug_line    0x000000000000c25b      0xfb9 ./Drivers/STM32F4xx_HAL_Driver/Src/stm32f4xx_hal_dma.o
 .debug_line    0x000000000000d214      0xbca ./Drivers/STM32F4xx_HAL_Driver/Src/stm32f4xx_hal_gpio.o
 .debug_line    0x000000000000ddde     0x3a00 ./Drivers/STM32F4xx_HAL_Driver/Src/stm32f4xx_hal_i2c.o
 .debug_line    0x00000000000117de      0xdd0 ./Drivers/STM32F4xx_HAL_Driver/Src/stm32f4xx_hal_rcc.o
 .debug_line    0x00000000000125ae     0x1cdc ./Drivers/STM32F4xx_HAL_Driver/Src/stm32f4xx_hal_spi.o
 .debug_line    0x000000000001428a      0xbf6 ./Drivers/STM32F4xx_HAL_Driver/Src/stm32f4xx_hal_sram.o
 .debug_line    0x0000000000014e80     0x3748 ./Drivers/STM32F4xx_HAL_Driver/Src/stm32f4xx_hal_tim.o
 .debug_line    0x00000000000185c8     0x1a51 ./Drivers/STM32F4xx_HAL_Driver/Src/stm32f4xx_hal_tim_ex.o
 .debug_line    0x000000000001a019      0xc09 ./Drivers/STM32F4xx_HAL_Driver/Src/stm32f4xx_ll_fsmc.o

.debug_str      0x0000000000000000    0xdc5ef
 .debug_str     0x0000000000000000    0xd3e71 ./Core/Src/adc.o
                                      0xd41a9 (size before relaxing)
 .debug_str     0x00000000000d3e71      0x2ce ./Core/Src/buzzer.o
                                      0xd4125 (size before relaxing)
 .debug_str     0x00000000000d413f      0x4fa ./Core/Src/dma.o
                                      0xd41ae (size before relaxing)
 .debug_str     0x00000000000d4639      0x5ee ./Core/Src/ds3231.o
                                      0xd443b (size before relaxing)
 .debug_str     0x00000000000d4c27      0x282 ./Core/Src/fsmc.o
                                      0xd4282 (size before relaxing)
 .debug_str     0x00000000000d4ea9       0x48 ./Core/Src/gpio.o
                                      0xd3d60 (size before relaxing)
 .debug_str     0x00000000000d4ef1       0x4b ./Core/Src/i2c.o
                                      0xd4260 (size before relaxing)
 .debug_str     0x00000000000d4f3c     0x3715 ./Core/Src/lcd.o
                                      0xd73b4 (size before relaxing)
 .debug_str     0x00000000000d8651       0x88 ./Core/Src/led_7seg.o
                                      0xd40c1 (size before relaxing)
 .debug_str     0x00000000000d86d9      0x26e ./Core/Src/main.o
                                      0xd82b8 (size before relaxing)
 .debug_str     0x00000000000d8947       0xbe ./Core/Src/sensor.o
                                      0xd405e (size before relaxing)
 .debug_str     0x00000000000d8a05       0x88 ./Core/Src/software_timer.o
                                      0xd4196 (size before relaxing)
 .debug_str     0x00000000000d8a8d       0x4b ./Core/Src/spi.o
                                      0xd41bd (size before relaxing)
 .debug_str     0x00000000000d8ad8       0x2c ./Core/Src/stm32f4xx_hal_msp.o
                                      0xd3cc3 (size before relaxing)
 .debug_str     0x00000000000d8b04       0xe5 ./Core/Src/stm32f4xx_it.o
                                      0xd41aa (size before relaxing)
 .debug_str     0x00000000000d8be9       0xaf ./Core/Src/system_stm32f4xx.o
                                      0xd3b13 (size before relaxing)
 .debug_str     0x00000000000d8c98      0x179 ./Core/Src/tim.o
                                      0xd48f4 (size before relaxing)
 .debug_str     0x00000000000d8e11       0x24 ./Core/Src/utils.o
                                       0x3d1b (size before relaxing)
 .debug_str     0x00000000000d8e35       0x36 ./Core/Startup/startup_stm32f407zetx.o
                                         0x8a (size before relaxing)
 .debug_str     0x00000000000d8e6b      0x583 ./Drivers/STM32F4xx_HAL_Driver/Src/stm32f4xx_hal.o
                                      0xd45f5 (size before relaxing)
 .debug_str     0x00000000000d93ee      0x29a ./Drivers/STM32F4xx_HAL_Driver/Src/stm32f4xx_hal_adc.o
                                      0xd40bf (size before relaxing)
 .debug_str     0x00000000000d9688      0x392 ./Drivers/STM32F4xx_HAL_Driver/Src/stm32f4xx_hal_cortex.o
                                      0xd43e4 (size before relaxing)
 .debug_str     0x00000000000d9a1a      0x315 ./Drivers/STM32F4xx_HAL_Driver/Src/stm32f4xx_hal_dma.o
                                      0xd3f3d (size before relaxing)
 .debug_str     0x00000000000d9d2f      0x15a ./Drivers/STM32F4xx_HAL_Driver/Src/stm32f4xx_hal_gpio.o
                                      0xd3cba (size before relaxing)
 .debug_str     0x00000000000d9e89      0xab3 ./Drivers/STM32F4xx_HAL_Driver/Src/stm32f4xx_hal_i2c.o
                                      0xd4a95 (size before relaxing)
 .debug_str     0x00000000000da93c      0x24e ./Drivers/STM32F4xx_HAL_Driver/Src/stm32f4xx_hal_rcc.o
                                      0xd3f15 (size before relaxing)
 .debug_str     0x00000000000dab8a      0x564 ./Drivers/STM32F4xx_HAL_Driver/Src/stm32f4xx_hal_spi.o
                                      0xd43b7 (size before relaxing)
 .debug_str     0x00000000000db0ee      0x1b4 ./Drivers/STM32F4xx_HAL_Driver/Src/stm32f4xx_hal_sram.o
                                      0xd402d (size before relaxing)
 .debug_str     0x00000000000db2a2      0xd5a ./Drivers/STM32F4xx_HAL_Driver/Src/stm32f4xx_hal_tim.o
                                      0xd4e42 (size before relaxing)
 .debug_str     0x00000000000dbffc      0x4ee ./Drivers/STM32F4xx_HAL_Driver/Src/stm32f4xx_hal_tim_ex.o
                                      0xd45f3 (size before relaxing)
 .debug_str     0x00000000000dc4ea      0x105 ./Drivers/STM32F4xx_HAL_Driver/Src/stm32f4xx_ll_fsmc.o
                                      0xd3ef4 (size before relaxing)

.comment        0x0000000000000000       0x53
 .comment       0x0000000000000000       0x53 ./Core/Src/adc.o
                                         0x54 (size before relaxing)
 .comment       0x0000000000000053       0x54 ./Core/Src/buzzer.o
 .comment       0x0000000000000053       0x54 ./Core/Src/dma.o
 .comment       0x0000000000000053       0x54 ./Core/Src/ds3231.o
 .comment       0x0000000000000053       0x54 ./Core/Src/fsmc.o
 .comment       0x0000000000000053       0x54 ./Core/Src/gpio.o
 .comment       0x0000000000000053       0x54 ./Core/Src/i2c.o
 .comment       0x0000000000000053       0x54 ./Core/Src/lcd.o
 .comment       0x0000000000000053       0x54 ./Core/Src/led_7seg.o
 .comment       0x0000000000000053       0x54 ./Core/Src/main.o
 .comment       0x0000000000000053       0x54 ./Core/Src/sensor.o
 .comment       0x0000000000000053       0x54 ./Core/Src/software_timer.o
 .comment       0x0000000000000053       0x54 ./Core/Src/spi.o
 .comment       0x0000000000000053       0x54 ./Core/Src/stm32f4xx_hal_msp.o
 .comment       0x0000000000000053       0x54 ./Core/Src/stm32f4xx_it.o
 .comment       0x0000000000000053       0x54 ./Core/Src/system_stm32f4xx.o
 .comment       0x0000000000000053       0x54 ./Core/Src/tim.o
 .comment       0x0000000000000053       0x54 ./Core/Src/utils.o
 .comment       0x0000000000000053       0x54 ./Drivers/STM32F4xx_HAL_Driver/Src/stm32f4xx_hal.o
 .comment       0x0000000000000053       0x54 ./Drivers/STM32F4xx_HAL_Driver/Src/stm32f4xx_hal_adc.o
 .comment       0x0000000000000053       0x54 ./Drivers/STM32F4xx_HAL_Driver/Src/stm32f4xx_hal_cortex.o
 .comment       0x0000000000000053       0x54 ./Drivers/STM32F4xx_HAL_Driver/Src/stm32f4xx_hal_dma.o
 .comment       0x0000000000000053       0x54 ./Drivers/STM32F4xx_HAL_Driver/Src/stm32f4xx_hal_gpio.o
 .comment       0x0000000000000053       0x54 ./Drivers/STM32F4xx_HAL_Driver/Src/stm32f4xx_hal_i2c.o
 .comment       0x0000000000000053       0x54 ./Drivers/STM32F4xx_HAL_Driver/Src/stm32f4xx_hal_rcc.o
 .comment       0x0000000000000053       0x54 ./Drivers/STM32F4xx_HAL_Driver/Src/stm32f4xx_hal_spi.o
 .comment       0x0000000000000053       0x54 ./Drivers/STM32F4xx_HAL_Driver/Src/stm32f4xx_hal_sram.o
 .comment       0x0000000000000053       0x54 ./Drivers/STM32F4xx_HAL_Driver/Src/stm32f4xx_hal_tim.o
 .comment       0x0000000000000053       0x54 ./Drivers/STM32F4xx_HAL_Driver/Src/stm32f4xx_hal_tim_ex.o
 .comment       0x0000000000000053       0x54 ./Drivers/STM32F4xx_HAL_Driver/Src/stm32f4xx_ll_fsmc.o

.debug_frame    0x0000000000000000     0x5360
 .debug_frame   0x0000000000000000       0x7c ./Core/Src/adc.o
 .debug_frame   0x000000000000007c       0x54 ./Core/Src/buzzer.o
 .debug_frame   0x00000000000000d0       0x34 ./Core/Src/dma.o
 .debug_frame   0x0000000000000104       0xd0 ./Core/Src/ds3231.o
 .debug_frame   0x00000000000001d4       0xbc ./Core/Src/fsmc.o
 .debug_frame   0x0000000000000290       0x34 ./Core/Src/gpio.o
 .debug_frame   0x00000000000002c4       0x74 ./Core/Src/i2c.o
 .debug_frame   0x0000000000000338      0x394 ./Core/Src/lcd.o
 .debug_frame   0x00000000000006cc       0xe8 ./Core/Src/led_7seg.o
 .debug_frame   0x00000000000007b4      0x148 ./Core/Src/main.o
 .debug_frame   0x00000000000008fc      0x130 ./Core/Src/sensor.o
 .debug_frame   0x0000000000000a2c       0x78 ./Core/Src/software_timer.o
 .debug_frame   0x0000000000000aa4       0x74 ./Core/Src/spi.o
 .debug_frame   0x0000000000000b18       0x38 ./Core/Src/stm32f4xx_hal_msp.o
 .debug_frame   0x0000000000000b50      0x13c ./Core/Src/stm32f4xx_it.o
 .debug_frame   0x0000000000000c8c       0x58 ./Core/Src/system_stm32f4xx.o
 .debug_frame   0x0000000000000ce4       0xc4 ./Core/Src/tim.o
 .debug_frame   0x0000000000000da8       0x60 ./Core/Src/utils.o
 .debug_frame   0x0000000000000e08      0x374 ./Drivers/STM32F4xx_HAL_Driver/Src/stm32f4xx_hal.o
 .debug_frame   0x000000000000117c      0x3fc ./Drivers/STM32F4xx_HAL_Driver/Src/stm32f4xx_hal_adc.o
 .debug_frame   0x0000000000001578      0x498 ./Drivers/STM32F4xx_HAL_Driver/Src/stm32f4xx_hal_cortex.o
 .debug_frame   0x0000000000001a10      0x250 ./Drivers/STM32F4xx_HAL_Driver/Src/stm32f4xx_hal_dma.o
 .debug_frame   0x0000000000001c60      0x14c ./Drivers/STM32F4xx_HAL_Driver/Src/stm32f4xx_hal_gpio.o
 .debug_frame   0x0000000000001dac      0xc5c ./Drivers/STM32F4xx_HAL_Driver/Src/stm32f4xx_hal_i2c.o
 .debug_frame   0x0000000000002a08      0x1f0 ./Drivers/STM32F4xx_HAL_Driver/Src/stm32f4xx_hal_rcc.o
 .debug_frame   0x0000000000002bf8      0x824 ./Drivers/STM32F4xx_HAL_Driver/Src/stm32f4xx_hal_spi.o
 .debug_frame   0x000000000000341c      0x2a0 ./Drivers/STM32F4xx_HAL_Driver/Src/stm32f4xx_hal_sram.o
 .debug_frame   0x00000000000036bc     0x11c4 ./Drivers/STM32F4xx_HAL_Driver/Src/stm32f4xx_hal_tim.o
 .debug_frame   0x0000000000004880      0x638 ./Drivers/STM32F4xx_HAL_Driver/Src/stm32f4xx_hal_tim_ex.o
 .debug_frame   0x0000000000004eb8      0x2dc ./Drivers/STM32F4xx_HAL_Driver/Src/stm32f4xx_ll_fsmc.o
 .debug_frame   0x0000000000005194       0x2c c:/st/stm32cubeide_1.7.0/stm32cubeide/plugins/com.st.stm32cube.ide.mcu.externaltools.gnu-tools-for-stm32.9-2020-q2-update.win32_2.0.0.202105311346/tools/bin/../lib/gcc/arm-none-eabi/9.3.1/../../../../arm-none-eabi/lib/thumb/v7e-m+fp/hard\libc_nano.a(lib_a-init.o)
 .debug_frame   0x00000000000051c0       0x20 c:/st/stm32cubeide_1.7.0/stm32cubeide/plugins/com.st.stm32cube.ide.mcu.externaltools.gnu-tools-for-stm32.9-2020-q2-update.win32_2.0.0.202105311346/tools/bin/../lib/gcc/arm-none-eabi/9.3.1/../../../../arm-none-eabi/lib/thumb/v7e-m+fp/hard\libc_nano.a(lib_a-memset.o)
 .debug_frame   0x00000000000051e0       0xac c:/st/stm32cubeide_1.7.0/stm32cubeide/plugins/com.st.stm32cube.ide.mcu.externaltools.gnu-tools-for-stm32.9-2020-q2-update.win32_2.0.0.202105311346/tools/bin/../lib/gcc/arm-none-eabi/9.3.1/thumb/v7e-m+fp/hard\libgcc.a(_arm_addsubdf3.o)
 .debug_frame   0x000000000000528c       0x50 c:/st/stm32cubeide_1.7.0/stm32cubeide/plugins/com.st.stm32cube.ide.mcu.externaltools.gnu-tools-for-stm32.9-2020-q2-update.win32_2.0.0.202105311346/tools/bin/../lib/gcc/arm-none-eabi/9.3.1/thumb/v7e-m+fp/hard\libgcc.a(_arm_muldivdf3.o)
 .debug_frame   0x00000000000052dc       0x24 c:/st/stm32cubeide_1.7.0/stm32cubeide/plugins/com.st.stm32cube.ide.mcu.externaltools.gnu-tools-for-stm32.9-2020-q2-update.win32_2.0.0.202105311346/tools/bin/../lib/gcc/arm-none-eabi/9.3.1/thumb/v7e-m+fp/hard\libgcc.a(_arm_truncdfsf2.o)
 .debug_frame   0x0000000000005300       0x2c c:/st/stm32cubeide_1.7.0/stm32cubeide/plugins/com.st.stm32cube.ide.mcu.externaltools.gnu-tools-for-stm32.9-2020-q2-update.win32_2.0.0.202105311346/tools/bin/../lib/gcc/arm-none-eabi/9.3.1/thumb/v7e-m+fp/hard\libgcc.a(_aeabi_uldivmod.o)
 .debug_frame   0x000000000000532c       0x34 c:/st/stm32cubeide_1.7.0/stm32cubeide/plugins/com.st.stm32cube.ide.mcu.externaltools.gnu-tools-for-stm32.9-2020-q2-update.win32_2.0.0.202105311346/tools/bin/../lib/gcc/arm-none-eabi/9.3.1/thumb/v7e-m+fp/hard\libgcc.a(_udivmoddi4.o)